13:47:49 **** Build of project test_bsp ****
make -k all 
"Running Make include in microblaze_0/libsrc/bram_v4_1/src"
make -C microblaze_0/libsrc/bram_v4_1/src -s include  "SHELL=CMD" "COMPILER=mb-gcc" "ARCHIVER=mb-ar" "COMPILER_FLAGS= -O2 -c -mcpu=v9.6 -mlittle-endian -mxl-soft-mul" "EXTRA_COMPILER_FLAGS=-g"
"Running Make include in microblaze_0/libsrc/cpu_v2_5/src"
make -C microblaze_0/libsrc/cpu_v2_5/src -s include  "SHELL=CMD" "COMPILER=mb-gcc" "ARCHIVER=mb-ar" "COMPILER_FLAGS= -O2 -c -mcpu=v9.6 -mlittle-endian -mxl-soft-mul" "EXTRA_COMPILER_FLAGS=-g"
"Running Make include in microblaze_0/libsrc/glue_v1_0/src"
make -C microblaze_0/libsrc/glue_v1_0/src -s include  "SHELL=CMD" "COMPILER=mb-gcc" "ARCHIVER=mb-ar" "COMPILER_FLAGS= -O2 -c -mcpu=v9.6 -mlittle-endian -mxl-soft-mul" "EXTRA_COMPILER_FLAGS=-g"
"Running Make include in microblaze_0/libsrc/standalone_v5_5/src"
make -C microblaze_0/libsrc/standalone_v5_5/src -s include  "SHELL=CMD" "COMPILER=mb-gcc" "ARCHIVER=mb-ar" "COMPILER_FLAGS= -O2 -c -mcpu=v9.6 -mlittle-endian -mxl-soft-mul" "EXTRA_COMPILER_FLAGS=-g"
"Running Make include in microblaze_0/libsrc/uartlite_v3_2/src"
make -C microblaze_0/libsrc/uartlite_v3_2/src -s include  "SHELL=CMD" "COMPILER=mb-gcc" "ARCHIVER=mb-ar" "COMPILER_FLAGS= -O2 -c -mcpu=v9.6 -mlittle-endian -mxl-soft-mul" "EXTRA_COMPILER_FLAGS=-g"
"Running Make libs in microblaze_0/libsrc/bram_v4_1/src"
make -C microblaze_0/libsrc/bram_v4_1/src -s libs  "SHELL=CMD" "COMPILER=mb-gcc" "ARCHIVER=mb-ar" "COMPILER_FLAGS= -O2 -c -mcpu=v9.6 -mlittle-endian -mxl-soft-mul" "EXTRA_COMPILER_FLAGS=-g"
"Compiling bram"
mb-ar: creating ../../../lib/libxil.a
"Running Make libs in microblaze_0/libsrc/cpu_v2_5/src"
make -C microblaze_0/libsrc/cpu_v2_5/src -s libs  "SHELL=CMD" "COMPILER=mb-gcc" "ARCHIVER=mb-ar" "COMPILER_FLAGS= -O2 -c -mcpu=v9.6 -mlittle-endian -mxl-soft-mul" "EXTRA_COMPILER_FLAGS=-g"
"Compiling cpu"
"Running Make libs in microblaze_0/libsrc/glue_v1_0/src"
make -C microblaze_0/libsrc/glue_v1_0/src -s libs  "SHELL=CMD" "COMPILER=mb-gcc" "ARCHIVER=mb-ar" "COMPILER_FLAGS= -O2 -c -mcpu=v9.6 -mlittle-endian -mxl-soft-mul" "EXTRA_COMPILER_FLAGS=-g"
"Compiling glue..."
"Running Make libs in microblaze_0/libsrc/standalone_v5_5/src"
make -C microblaze_0/libsrc/standalone_v5_5/src -s libs  "SHELL=CMD" "COMPILER=mb-gcc" "ARCHIVER=mb-ar" "COMPILER_FLAGS= -O2 -c -mcpu=v9.6 -mlittle-endian -mxl-soft-mul" "EXTRA_COMPILER_FLAGS=-g"
"Compiling standalone";
"Running Make libs in microblaze_0/libsrc/uartlite_v3_2/src"
make -C microblaze_0/libsrc/uartlite_v3_2/src -s libs  "SHELL=CMD" "COMPILER=mb-gcc" "ARCHIVER=mb-ar" "COMPILER_FLAGS= -O2 -c -mcpu=v9.6 -mlittle-endian -mxl-soft-mul" "EXTRA_COMPILER_FLAGS=-g"
"Compiling uartlite"
'Finished building libraries'
13:47:56 **** Build of configuration Debug for project test ****
make all 
'Building file: ../src/helloworld.c'
'Invoking: MicroBlaze gcc compiler'
mb-gcc -Wall -O0 -g3 -c -fmessage-length=0 -MT"src/helloworld.o" -I../../test_bsp/microblaze_0/include -mlittle-endian -mcpu=v9.6 -mxl-soft-mul -Wl,--no-relax -MMD -MP -MF"src/helloworld.d" -MT"src/helloworld.o" -o "src/helloworld.o" "../src/helloworld.c"
'Finished building: ../src/helloworld.c'
' '
'Building file: ../src/platform.c'
'Invoking: MicroBlaze gcc compiler'
mb-gcc -Wall -O0 -g3 -c -fmessage-length=0 -MT"src/platform.o" -I../../test_bsp/microblaze_0/include -mlittle-endian -mcpu=v9.6 -mxl-soft-mul -Wl,--no-relax -MMD -MP -MF"src/platform.d" -MT"src/platform.o" -o "src/platform.o" "../src/platform.c"
'Finished building: ../src/platform.c'
' '
'Building target: test.elf'
'Invoking: MicroBlaze gcc linker'
mb-gcc -Wl,-T -Wl,../src/lscript.ld -L../../test_bsp/microblaze_0/lib -mlittle-endian -mcpu=v9.6 -mxl-soft-mul -Wl,--no-relax -o "test.elf"  ./src/helloworld.o ./src/platform.o   -Wl,--start-group,-lxil,-lgcc,-lc,--end-group
'Finished building target: test.elf'
' '
'Invoking: MicroBlaze Print Size'
mb-size test.elf  |tee "test.elf.size"
   text	   data	    bss	    dec	    hex	filename
   2832	    288	   3120	   6240	   1860	test.elf
'Finished building: test.elf.size'
' '
13:51:19 **** Auto Build of configuration Debug for project test ****
make all 
'Building file: ../src/helloworld.c'
'Invoking: MicroBlaze gcc compiler'
mb-gcc -Wall -O0 -g3 -c -fmessage-length=0 -MT"src/helloworld.o" -I../../test_bsp/microblaze_0/include -mlittle-endian -mcpu=v9.6 -mxl-soft-mul -Wl,--no-relax -MMD -MP -MF"src/helloworld.d" -MT"src/helloworld.o" -o "src/helloworld.o" "../src/helloworld.c"
../src/helloworld.c: In function 'main':
../src/helloworld.c:60:5: error: 'x_tar' undeclared (first use in this function)
     x_tar = rand() % 640;
     ^
../src/helloworld.c:60:5: note: each undeclared identifier is reported only once for each function it appears in
../src/helloworld.c:61:5: error: 'y_tar' undeclared (first use in this function)
     y_tar = rand() % 480;
     ^
make: *** [src/helloworld.o] Error 1
13:52:02 **** Auto Build of configuration Debug for project test ****
make all 
'Building file: ../src/helloworld.c'
'Invoking: MicroBlaze gcc compiler'
mb-gcc -Wall -O0 -g3 -c -fmessage-length=0 -MT"src/helloworld.o" -I../../test_bsp/microblaze_0/include -mlittle-endian -mcpu=v9.6 -mxl-soft-mul -Wl,--no-relax -MMD -MP -MF"src/helloworld.d" -MT"src/helloworld.o" -o "src/helloworld.o" "../src/helloworld.c"
In file included from ../../test_bsp/microblaze_0/include/xil_printf.h:43:0,
                 from ../src/helloworld.c:51:
../../test_bsp/microblaze_0/include/xparameters.h:524:38: warning: initialization makes pointer from integer without a cast [-Wint-conversion]
 #define XPAR_GLUE_0_S00_AXI_BASEADDR 0x44A00000
                                      ^
../src/helloworld.c:56:32: note: in expansion of macro 'XPAR_GLUE_0_S00_AXI_BASEADDR'
 volatile unsigned int * glue = XPAR_GLUE_0_S00_AXI_BASEADDR;
                                ^
../src/helloworld.c: In function 'main':
../src/helloworld.c:62:5: error: 'x_tar' undeclared (first use in this function)
     x_tar = rand() % 640;
     ^
../src/helloworld.c:62:5: note: each undeclared identifier is reported only once for each function it appears in
../src/helloworld.c:63:5: error: 'y_tar' undeclared (first use in this function)
     y_tar = rand() % 480;
     ^
make: *** [src/helloworld.o] Error 1
13:52:15 **** Auto Build of configuration Debug for project test ****
make all 
'Building file: ../src/helloworld.c'
'Invoking: MicroBlaze gcc compiler'
mb-gcc -Wall -O0 -g3 -c -fmessage-length=0 -MT"src/helloworld.o" -I../../test_bsp/microblaze_0/include -mlittle-endian -mcpu=v9.6 -mxl-soft-mul -Wl,--no-relax -MMD -MP -MF"src/helloworld.d" -MT"src/helloworld.o" -o "src/helloworld.o" "../src/helloworld.c"
In file included from ../../test_bsp/microblaze_0/include/xil_printf.h:43:0,
                 from ../src/helloworld.c:51:
../../test_bsp/microblaze_0/include/xparameters.h:524:38: warning: initialization makes pointer from integer without a cast [-Wint-conversion]
 #define XPAR_GLUE_0_S00_AXI_BASEADDR 0x44A00000
                                      ^
../src/helloworld.c:56:32: note: in expansion of macro 'XPAR_GLUE_0_S00_AXI_BASEADDR'
 volatile unsigned int * glue = XPAR_GLUE_0_S00_AXI_BASEADDR;
                                ^
../src/helloworld.c: In function 'main':
../src/helloworld.c:63:9: warning: unused variable 'y_tar' [-Wunused-variable]
     int y_tar = rand() % 480;
         ^
../src/helloworld.c:62:9: warning: unused variable 'x_tar' [-Wunused-variable]
     int x_tar = rand() % 640;
         ^
'Finished building: ../src/helloworld.c'
' '
'Building target: test.elf'
'Invoking: MicroBlaze gcc linker'
mb-gcc -Wl,-T -Wl,../src/lscript.ld -L../../test_bsp/microblaze_0/lib -mlittle-endian -mcpu=v9.6 -mxl-soft-mul -Wl,--no-relax -o "test.elf"  ./src/helloworld.o ./src/platform.o   -Wl,--start-group,-lxil,-lgcc,-lc,--end-group
'Finished building target: test.elf'
' '
'Invoking: MicroBlaze Print Size'
mb-size test.elf  |tee "test.elf.size"
   text	   data	    bss	    dec	    hex	filename
  14060	   1332	   3192	  18584	   4898	test.elf
'Finished building: test.elf.size'
' '
13:52:43 **** Auto Build of configuration Debug for project test ****
make all 
'Building file: ../src/helloworld.c'
'Invoking: MicroBlaze gcc compiler'
mb-gcc -Wall -O0 -g3 -c -fmessage-length=0 -MT"src/helloworld.o" -I../../test_bsp/microblaze_0/include -mlittle-endian -mcpu=v9.6 -mxl-soft-mul -Wl,--no-relax -MMD -MP -MF"src/helloworld.d" -MT"src/helloworld.o" -o "src/helloworld.o" "../src/helloworld.c"
In file included from ../../test_bsp/microblaze_0/include/xil_printf.h:43:0,
                 from ../src/helloworld.c:51:
../../test_bsp/microblaze_0/include/xparameters.h:524:38: warning: initialization makes pointer from integer without a cast [-Wint-conversion]
 #define XPAR_GLUE_0_S00_AXI_BASEADDR 0x44A00000
                                      ^
../src/helloworld.c:56:32: note: in expansion of macro 'XPAR_GLUE_0_S00_AXI_BASEADDR'
 volatile unsigned int * glue = XPAR_GLUE_0_S00_AXI_BASEADDR;
                                ^
'Finished building: ../src/helloworld.c'
' '
'Building target: test.elf'
'Invoking: MicroBlaze gcc linker'
mb-gcc -Wl,-T -Wl,../src/lscript.ld -L../../test_bsp/microblaze_0/lib -mlittle-endian -mcpu=v9.6 -mxl-soft-mul -Wl,--no-relax -o "test.elf"  ./src/helloworld.o ./src/platform.o   -Wl,--start-group,-lxil,-lgcc,-lc,--end-group
'Finished building target: test.elf'
' '
'Invoking: MicroBlaze Print Size'
mb-size test.elf  |tee "test.elf.size"
   text	   data	    bss	    dec	    hex	filename
  14100	   1332	   3192	  18624	   48c0	test.elf
'Finished building: test.elf.size'
' '
13:52:50 **** Auto Build of configuration Debug for project test ****
make all 
'Building file: ../src/helloworld.c'
'Invoking: MicroBlaze gcc compiler'
mb-gcc -Wall -O0 -g3 -c -fmessage-length=0 -MT"src/helloworld.o" -I../../test_bsp/microblaze_0/include -mlittle-endian -mcpu=v9.6 -mxl-soft-mul -Wl,--no-relax -MMD -MP -MF"src/helloworld.d" -MT"src/helloworld.o" -o "src/helloworld.o" "../src/helloworld.c"
In file included from ../../test_bsp/microblaze_0/include/xil_printf.h:43:0,
                 from ../src/helloworld.c:51:
../../test_bsp/microblaze_0/include/xparameters.h:524:38: warning: initialization makes pointer from integer without a cast [-Wint-conversion]
 #define XPAR_GLUE_0_S00_AXI_BASEADDR 0x44A00000
                                      ^
../src/helloworld.c:56:32: note: in expansion of macro 'XPAR_GLUE_0_S00_AXI_BASEADDR'
 volatile unsigned int * glue = XPAR_GLUE_0_S00_AXI_BASEADDR;
                                ^
'Finished building: ../src/helloworld.c'
' '
'Building target: test.elf'
'Invoking: MicroBlaze gcc linker'
mb-gcc -Wl,-T -Wl,../src/lscript.ld -L../../test_bsp/microblaze_0/lib -mlittle-endian -mcpu=v9.6 -mxl-soft-mul -Wl,--no-relax -o "test.elf"  ./src/helloworld.o ./src/platform.o   -Wl,--start-group,-lxil,-lgcc,-lc,--end-group
'Finished building target: test.elf'
' '
'Invoking: MicroBlaze Print Size'
mb-size test.elf  |tee "test.elf.size"
   text	   data	    bss	    dec	    hex	filename
  14064	   1332	   3188	  18584	   4898	test.elf
'Finished building: test.elf.size'
' '
13:56:31 **** Incremental Build of configuration Debug for project test ****
make all 
make: Nothing to be done for `all'.
14:01:05 **** Auto Build of configuration Debug for project test ****
make all 
'Building file: ../src/helloworld.c'
'Invoking: MicroBlaze gcc compiler'
mb-gcc -Wall -O0 -g3 -c -fmessage-length=0 -MT"src/helloworld.o" -I../../test_bsp/microblaze_0/include -mlittle-endian -mcpu=v9.6 -mxl-soft-mul -Wl,--no-relax -MMD -MP -MF"src/helloworld.d" -MT"src/helloworld.o" -o "src/helloworld.o" "../src/helloworld.c"
In file included from ../../test_bsp/microblaze_0/include/xil_printf.h:43:0,
                 from ../src/helloworld.c:51:
../../test_bsp/microblaze_0/include/xparameters.h:524:38: warning: initialization makes pointer from integer without a cast [-Wint-conversion]
 #define XPAR_GLUE_0_S00_AXI_BASEADDR 0x44A00000
                                      ^
../src/helloworld.c:56:32: note: in expansion of macro 'XPAR_GLUE_0_S00_AXI_BASEADDR'
 volatile unsigned int * glue = XPAR_GLUE_0_S00_AXI_BASEADDR;
                                ^
../src/helloworld.c: In function 'main':
../src/helloworld.c:74:6: error: 'x_det' undeclared (first use in this function)
      x_det = *(glue);
      ^
../src/helloworld.c:74:6: note: each undeclared identifier is reported only once for each function it appears in
../src/helloworld.c:75:6: error: 'y_det' undeclared (first use in this function)
      y_det = *(glue + 1);
      ^
make: *** [src/helloworld.o] Error 1
14:01:18 **** Auto Build of configuration Debug for project test ****
make all 
'Building file: ../src/helloworld.c'
'Invoking: MicroBlaze gcc compiler'
mb-gcc -Wall -O0 -g3 -c -fmessage-length=0 -MT"src/helloworld.o" -I../../test_bsp/microblaze_0/include -mlittle-endian -mcpu=v9.6 -mxl-soft-mul -Wl,--no-relax -MMD -MP -MF"src/helloworld.d" -MT"src/helloworld.o" -o "src/helloworld.o" "../src/helloworld.c"
In file included from ../../test_bsp/microblaze_0/include/xil_printf.h:43:0,
                 from ../src/helloworld.c:51:
../../test_bsp/microblaze_0/include/xparameters.h:524:38: warning: initialization makes pointer from integer without a cast [-Wint-conversion]
 #define XPAR_GLUE_0_S00_AXI_BASEADDR 0x44A00000
                                      ^
../src/helloworld.c:56:32: note: in expansion of macro 'XPAR_GLUE_0_S00_AXI_BASEADDR'
 volatile unsigned int * glue = XPAR_GLUE_0_S00_AXI_BASEADDR;
                                ^
'Finished building: ../src/helloworld.c'
' '
'Building target: test.elf'
'Invoking: MicroBlaze gcc linker'
mb-gcc -Wl,-T -Wl,../src/lscript.ld -L../../test_bsp/microblaze_0/lib -mlittle-endian -mcpu=v9.6 -mxl-soft-mul -Wl,--no-relax -o "test.elf"  ./src/helloworld.o ./src/platform.o   -Wl,--start-group,-lxil,-lgcc,-lc,--end-group
'Finished building target: test.elf'
' '
'Invoking: MicroBlaze Print Size'
mb-size test.elf  |tee "test.elf.size"
   text	   data	    bss	    dec	    hex	filename
  17620	   1336	   3188	  22144	   5680	test.elf
'Finished building: test.elf.size'
' '
14:01:22 **** Incremental Build of configuration Debug for project test ****
make all 
make: Nothing to be done for `all'.
14:04:45 **** Auto Build of configuration Debug for project test ****
make all 
'Building file: ../src/helloworld.c'
'Invoking: MicroBlaze gcc compiler'
mb-gcc -Wall -O0 -g3 -c -fmessage-length=0 -MT"src/helloworld.o" -I../../test_bsp/microblaze_0/include -mlittle-endian -mcpu=v9.6 -mxl-soft-mul -Wl,--no-relax -MMD -MP -MF"src/helloworld.d" -MT"src/helloworld.o" -o "src/helloworld.o" "../src/helloworld.c"
In file included from ../../test_bsp/microblaze_0/include/xil_printf.h:43:0,
                 from ../src/helloworld.c:51:
../../test_bsp/microblaze_0/include/xparameters.h:524:38: warning: initialization makes pointer from integer without a cast [-Wint-conversion]
 #define XPAR_GLUE_0_S00_AXI_BASEADDR 0x44A00000
                                      ^
../src/helloworld.c:56:32: note: in expansion of macro 'XPAR_GLUE_0_S00_AXI_BASEADDR'
 volatile unsigned int * glue = XPAR_GLUE_0_S00_AXI_BASEADDR;
                                ^
'Finished building: ../src/helloworld.c'
' '
'Building target: test.elf'
'Invoking: MicroBlaze gcc linker'
mb-gcc -Wl,-T -Wl,../src/lscript.ld -L../../test_bsp/microblaze_0/lib -mlittle-endian -mcpu=v9.6 -mxl-soft-mul -Wl,--no-relax -o "test.elf"  ./src/helloworld.o ./src/platform.o   -Wl,--start-group,-lxil,-lgcc,-lc,--end-group
'Finished building target: test.elf'
' '
'Invoking: MicroBlaze Print Size'
mb-size test.elf  |tee "test.elf.size"
   text	   data	    bss	    dec	    hex	filename
  17672	   1336	   3184	  22192	   56b0	test.elf
'Finished building: test.elf.size'
' '
14:04:52 **** Auto Build of configuration Debug for project test ****
make all 
'Building file: ../src/helloworld.c'
'Invoking: MicroBlaze gcc compiler'
mb-gcc -Wall -O0 -g3 -c -fmessage-length=0 -MT"src/helloworld.o" -I../../test_bsp/microblaze_0/include -mlittle-endian -mcpu=v9.6 -mxl-soft-mul -Wl,--no-relax -MMD -MP -MF"src/helloworld.d" -MT"src/helloworld.o" -o "src/helloworld.o" "../src/helloworld.c"
In file included from ../../test_bsp/microblaze_0/include/xil_printf.h:43:0,
                 from ../src/helloworld.c:51:
../../test_bsp/microblaze_0/include/xparameters.h:524:38: warning: initialization makes pointer from integer without a cast [-Wint-conversion]
 #define XPAR_GLUE_0_S00_AXI_BASEADDR 0x44A00000
                                      ^
../src/helloworld.c:56:32: note: in expansion of macro 'XPAR_GLUE_0_S00_AXI_BASEADDR'
 volatile unsigned int * glue = XPAR_GLUE_0_S00_AXI_BASEADDR;
                                ^
'Finished building: ../src/helloworld.c'
' '
'Building target: test.elf'
'Invoking: MicroBlaze gcc linker'
mb-gcc -Wl,-T -Wl,../src/lscript.ld -L../../test_bsp/microblaze_0/lib -mlittle-endian -mcpu=v9.6 -mxl-soft-mul -Wl,--no-relax -o "test.elf"  ./src/helloworld.o ./src/platform.o   -Wl,--start-group,-lxil,-lgcc,-lc,--end-group
'Finished building target: test.elf'
' '
'Invoking: MicroBlaze Print Size'
mb-size test.elf  |tee "test.elf.size"
   text	   data	    bss	    dec	    hex	filename
  17700	   1336	   3188	  22224	   56d0	test.elf
'Finished building: test.elf.size'
' '
14:04:53 **** Incremental Build of configuration Debug for project test ****
make all 
make: Nothing to be done for `all'.
14:06:34 **** Incremental Build of configuration Debug for project test ****
make all 
make: Nothing to be done for `all'.
14:06:50 **** Auto Build of configuration Debug for project test ****
make all 
'Building file: ../src/helloworld.c'
'Invoking: MicroBlaze gcc compiler'
mb-gcc -Wall -O0 -g3 -c -fmessage-length=0 -MT"src/helloworld.o" -I../../test_bsp/microblaze_0/include -mlittle-endian -mcpu=v9.6 -mxl-soft-mul -Wl,--no-relax -MMD -MP -MF"src/helloworld.d" -MT"src/helloworld.o" -o "src/helloworld.o" "../src/helloworld.c"
In file included from ../../test_bsp/microblaze_0/include/xil_printf.h:43:0,
                 from ../src/helloworld.c:51:
../../test_bsp/microblaze_0/include/xparameters.h:524:38: warning: initialization makes pointer from integer without a cast [-Wint-conversion]
 #define XPAR_GLUE_0_S00_AXI_BASEADDR 0x44A00000
                                      ^
../src/helloworld.c:56:32: note: in expansion of macro 'XPAR_GLUE_0_S00_AXI_BASEADDR'
 volatile unsigned int * glue = XPAR_GLUE_0_S00_AXI_BASEADDR;
                                ^
'Finished building: ../src/helloworld.c'
' '
'Building target: test.elf'
'Invoking: MicroBlaze gcc linker'
mb-gcc -Wl,-T -Wl,../src/lscript.ld -L../../test_bsp/microblaze_0/lib -mlittle-endian -mcpu=v9.6 -mxl-soft-mul -Wl,--no-relax -o "test.elf"  ./src/helloworld.o ./src/platform.o   -Wl,--start-group,-lxil,-lgcc,-lc,--end-group
'Finished building target: test.elf'
' '
'Invoking: MicroBlaze Print Size'
mb-size test.elf  |tee "test.elf.size"
   text	   data	    bss	    dec	    hex	filename
  17700	   1336	   3188	  22224	   56d0	test.elf
'Finished building: test.elf.size'
' '
14:06:51 **** Incremental Build of configuration Debug for project test ****
make all 
make: Nothing to be done for `all'.
14:09:34 **** Auto Build of configuration Debug for project test ****
make all 
'Building file: ../src/helloworld.c'
'Invoking: MicroBlaze gcc compiler'
mb-gcc -Wall -O0 -g3 -c -fmessage-length=0 -MT"src/helloworld.o" -I../../test_bsp/microblaze_0/include -mlittle-endian -mcpu=v9.6 -mxl-soft-mul -Wl,--no-relax -MMD -MP -MF"src/helloworld.d" -MT"src/helloworld.o" -o "src/helloworld.o" "../src/helloworld.c"
In file included from ../../test_bsp/microblaze_0/include/xil_printf.h:43:0,
                 from ../src/helloworld.c:51:
../../test_bsp/microblaze_0/include/xparameters.h:524:38: warning: initialization makes pointer from integer without a cast [-Wint-conversion]
 #define XPAR_GLUE_0_S00_AXI_BASEADDR 0x44A00000
                                      ^
../src/helloworld.c:56:32: note: in expansion of macro 'XPAR_GLUE_0_S00_AXI_BASEADDR'
 volatile unsigned int * glue = XPAR_GLUE_0_S00_AXI_BASEADDR;
                                ^
'Finished building: ../src/helloworld.c'
' '
'Building target: test.elf'
'Invoking: MicroBlaze gcc linker'
mb-gcc -Wl,-T -Wl,../src/lscript.ld -L../../test_bsp/microblaze_0/lib -mlittle-endian -mcpu=v9.6 -mxl-soft-mul -Wl,--no-relax -o "test.elf"  ./src/helloworld.o ./src/platform.o   -Wl,--start-group,-lxil,-lgcc,-lc,--end-group
'Finished building target: test.elf'
' '
'Invoking: MicroBlaze Print Size'
mb-size test.elf  |tee "test.elf.size"
   text	   data	    bss	    dec	    hex	filename
  17764	   1336	   3188	  22288	   5710	test.elf
'Finished building: test.elf.size'
' '
14:09:35 **** Incremental Build of configuration Debug for project test ****
make all 
make: Nothing to be done for `all'.
16:56:32 **** Build of project test_bsp ****
make -k all 
"Running Make include in microblaze_0/libsrc/bram_v4_1/src"
make -C microblaze_0/libsrc/bram_v4_1/src -s include  "SHELL=CMD" "COMPILER=mb-gcc" "ARCHIVER=mb-ar" "COMPILER_FLAGS= -O2 -c -mcpu=v9.6 -mlittle-endian -mxl-soft-mul" "EXTRA_COMPILER_FLAGS=-g"
"Running Make include in microblaze_0/libsrc/cpu_v2_5/src"
make -C microblaze_0/libsrc/cpu_v2_5/src -s include  "SHELL=CMD" "COMPILER=mb-gcc" "ARCHIVER=mb-ar" "COMPILER_FLAGS= -O2 -c -mcpu=v9.6 -mlittle-endian -mxl-soft-mul" "EXTRA_COMPILER_FLAGS=-g"
"Running Make include in microblaze_0/libsrc/glue_v1_0/src"
make -C microblaze_0/libsrc/glue_v1_0/src -s include  "SHELL=CMD" "COMPILER=mb-gcc" "ARCHIVER=mb-ar" "COMPILER_FLAGS= -O2 -c -mcpu=v9.6 -mlittle-endian -mxl-soft-mul" "EXTRA_COMPILER_FLAGS=-g"
"Running Make include in microblaze_0/libsrc/standalone_v5_5/src"
make -C microblaze_0/libsrc/standalone_v5_5/src -s include  "SHELL=CMD" "COMPILER=mb-gcc" "ARCHIVER=mb-ar" "COMPILER_FLAGS= -O2 -c -mcpu=v9.6 -mlittle-endian -mxl-soft-mul" "EXTRA_COMPILER_FLAGS=-g"
"Running Make include in microblaze_0/libsrc/uartlite_v3_2/src"
make -C microblaze_0/libsrc/uartlite_v3_2/src -s include  "SHELL=CMD" "COMPILER=mb-gcc" "ARCHIVER=mb-ar" "COMPILER_FLAGS= -O2 -c -mcpu=v9.6 -mlittle-endian -mxl-soft-mul" "EXTRA_COMPILER_FLAGS=-g"
"Running Make libs in microblaze_0/libsrc/bram_v4_1/src"
make -C microblaze_0/libsrc/bram_v4_1/src -s libs  "SHELL=CMD" "COMPILER=mb-gcc" "ARCHIVER=mb-ar" "COMPILER_FLAGS= -O2 -c -mcpu=v9.6 -mlittle-endian -mxl-soft-mul" "EXTRA_COMPILER_FLAGS=-g"
"Compiling bram"
"Running Make libs in microblaze_0/libsrc/cpu_v2_5/src"
make -C microblaze_0/libsrc/cpu_v2_5/src -s libs  "SHELL=CMD" "COMPILER=mb-gcc" "ARCHIVER=mb-ar" "COMPILER_FLAGS= -O2 -c -mcpu=v9.6 -mlittle-endian -mxl-soft-mul" "EXTRA_COMPILER_FLAGS=-g"
"Compiling cpu"
"Running Make libs in microblaze_0/libsrc/glue_v1_0/src"
make -C microblaze_0/libsrc/glue_v1_0/src -s libs  "SHELL=CMD" "COMPILER=mb-gcc" "ARCHIVER=mb-ar" "COMPILER_FLAGS= -O2 -c -mcpu=v9.6 -mlittle-endian -mxl-soft-mul" "EXTRA_COMPILER_FLAGS=-g"
"Compiling glue..."
"Running Make libs in microblaze_0/libsrc/standalone_v5_5/src"
make -C microblaze_0/libsrc/standalone_v5_5/src -s libs  "SHELL=CMD" "COMPILER=mb-gcc" "ARCHIVER=mb-ar" "COMPILER_FLAGS= -O2 -c -mcpu=v9.6 -mlittle-endian -mxl-soft-mul" "EXTRA_COMPILER_FLAGS=-g"
"Compiling standalone";
"Running Make libs in microblaze_0/libsrc/uartlite_v3_2/src"
make -C microblaze_0/libsrc/uartlite_v3_2/src -s libs  "SHELL=CMD" "COMPILER=mb-gcc" "ARCHIVER=mb-ar" "COMPILER_FLAGS= -O2 -c -mcpu=v9.6 -mlittle-endian -mxl-soft-mul" "EXTRA_COMPILER_FLAGS=-g"
"Compiling uartlite"
'Finished building libraries'
16:56:41 **** Build of configuration Debug for project test ****
make all 
'Building file: ../src/helloworld.c'
'Invoking: MicroBlaze gcc compiler'
mb-gcc -Wall -O0 -g3 -c -fmessage-length=0 -MT"src/helloworld.o" -I../../test_bsp/microblaze_0/include -mlittle-endian -mcpu=v9.6 -mxl-soft-mul -Wl,--no-relax -MMD -MP -MF"src/helloworld.d" -MT"src/helloworld.o" -o "src/helloworld.o" "../src/helloworld.c"
In file included from ../../test_bsp/microblaze_0/include/xil_printf.h:43:0,
                 from ../src/helloworld.c:51:
../../test_bsp/microblaze_0/include/xparameters.h:524:38: warning: initialization makes pointer from integer without a cast [-Wint-conversion]
 #define XPAR_GLUE_0_S00_AXI_BASEADDR 0x44A00000
                                      ^
../src/helloworld.c:56:32: note: in expansion of macro 'XPAR_GLUE_0_S00_AXI_BASEADDR'
 volatile unsigned int * glue = XPAR_GLUE_0_S00_AXI_BASEADDR;
                                ^
'Finished building: ../src/helloworld.c'
' '
'Building file: ../src/platform.c'
'Invoking: MicroBlaze gcc compiler'
mb-gcc -Wall -O0 -g3 -c -fmessage-length=0 -MT"src/platform.o" -I../../test_bsp/microblaze_0/include -mlittle-endian -mcpu=v9.6 -mxl-soft-mul -Wl,--no-relax -MMD -MP -MF"src/platform.d" -MT"src/platform.o" -o "src/platform.o" "../src/platform.c"
'Finished building: ../src/platform.c'
' '
'Building target: test.elf'
'Invoking: MicroBlaze gcc linker'
mb-gcc -Wl,-T -Wl,../src/lscript.ld -L../../test_bsp/microblaze_0/lib -mlittle-endian -mcpu=v9.6 -mxl-soft-mul -Wl,--no-relax -o "test.elf"  ./src/helloworld.o ./src/platform.o   -Wl,--start-group,-lxil,-lgcc,-lc,--end-group
'Finished building target: test.elf'
' '
'Invoking: MicroBlaze Print Size'
mb-size test.elf  |tee "test.elf.size"
   text	   data	    bss	    dec	    hex	filename
  17764	   1336	   3188	  22288	   5710	test.elf
'Finished building: test.elf.size'
' '
16:57:39 **** Incremental Build of configuration Debug for project test ****
make all 
make: Nothing to be done for `all'.
17:12:43 **** Incremental Build of configuration Debug for project test ****
make all 
make: Nothing to be done for `all'.
17:34:33 **** Incremental Build of configuration Debug for project test ****
make all 
make: Nothing to be done for `all'.
18:12:47 **** Incremental Build of configuration Debug for project test ****
make all 
make: Nothing to be done for `all'.
18:25:55 **** Auto Build of configuration Debug for project test ****
make all 
'Building file: ../src/helloworld.c'
'Invoking: MicroBlaze gcc compiler'
mb-gcc -Wall -O0 -g3 -c -fmessage-length=0 -MT"src/helloworld.o" -I../../test_bsp/microblaze_0/include -mlittle-endian -mcpu=v9.6 -mxl-soft-mul -Wl,--no-relax -MMD -MP -MF"src/helloworld.d" -MT"src/helloworld.o" -o "src/helloworld.o" "../src/helloworld.c"
In file included from ../../test_bsp/microblaze_0/include/xil_printf.h:43:0,
                 from ../src/helloworld.c:51:
../../test_bsp/microblaze_0/include/xparameters.h:524:38: warning: initialization makes pointer from integer without a cast [-Wint-conversion]
 #define XPAR_GLUE_0_S00_AXI_BASEADDR 0x44A00000
                                      ^
../src/helloworld.c:56:32: note: in expansion of macro 'XPAR_GLUE_0_S00_AXI_BASEADDR'
 volatile unsigned int * glue = XPAR_GLUE_0_S00_AXI_BASEADDR;
                                ^
'Finished building: ../src/helloworld.c'
' '
'Building target: test.elf'
'Invoking: MicroBlaze gcc linker'
mb-gcc -Wl,-T -Wl,../src/lscript.ld -L../../test_bsp/microblaze_0/lib -mlittle-endian -mcpu=v9.6 -mxl-soft-mul -Wl,--no-relax -o "test.elf"  ./src/helloworld.o ./src/platform.o   -Wl,--start-group,-lxil,-lgcc,-lc,--end-group
'Finished building target: test.elf'
' '
'Invoking: MicroBlaze Print Size'
mb-size test.elf  |tee "test.elf.size"
   text	   data	    bss	    dec	    hex	filename
  17764	   1336	   3188	  22288	   5710	test.elf
'Finished building: test.elf.size'
' '
18:26:29 **** Auto Build of configuration Debug for project test ****
make all 
'Building file: ../src/helloworld.c'
'Invoking: MicroBlaze gcc compiler'
mb-gcc -Wall -O0 -g3 -c -fmessage-length=0 -MT"src/helloworld.o" -I../../test_bsp/microblaze_0/include -mlittle-endian -mcpu=v9.6 -mxl-soft-mul -Wl,--no-relax -MMD -MP -MF"src/helloworld.d" -MT"src/helloworld.o" -o "src/helloworld.o" "../src/helloworld.c"
In file included from ../../test_bsp/microblaze_0/include/xil_printf.h:43:0,
                 from ../src/helloworld.c:51:
../../test_bsp/microblaze_0/include/xparameters.h:524:38: warning: initialization makes pointer from integer without a cast [-Wint-conversion]
 #define XPAR_GLUE_0_S00_AXI_BASEADDR 0x44A00000
                                      ^
../src/helloworld.c:56:32: note: in expansion of macro 'XPAR_GLUE_0_S00_AXI_BASEADDR'
 volatile unsigned int * glue = XPAR_GLUE_0_S00_AXI_BASEADDR;
                                ^
../src/helloworld.c: In function 'main':
../src/helloworld.c:64:9: warning: unused variable 'direction' [-Wunused-variable]
     int direction = 0;
         ^
'Finished building: ../src/helloworld.c'
' '
'Building target: test.elf'
'Invoking: MicroBlaze gcc linker'
mb-gcc -Wl,-T -Wl,../src/lscript.ld -L../../test_bsp/microblaze_0/lib -mlittle-endian -mcpu=v9.6 -mxl-soft-mul -Wl,--no-relax -o "test.elf"  ./src/helloworld.o ./src/platform.o   -Wl,--start-group,-lxil,-lgcc,-lc,--end-group
'Finished building target: test.elf'
' '
'Invoking: MicroBlaze Print Size'
mb-size test.elf  |tee "test.elf.size"
   text	   data	    bss	    dec	    hex	filename
  17768	   1336	   3184	  22288	   5710	test.elf
'Finished building: test.elf.size'
' '
18:27:14 **** Auto Build of configuration Debug for project test ****
make all 
'Building file: ../src/helloworld.c'
'Invoking: MicroBlaze gcc compiler'
mb-gcc -Wall -O0 -g3 -c -fmessage-length=0 -MT"src/helloworld.o" -I../../test_bsp/microblaze_0/include -mlittle-endian -mcpu=v9.6 -mxl-soft-mul -Wl,--no-relax -MMD -MP -MF"src/helloworld.d" -MT"src/helloworld.o" -o "src/helloworld.o" "../src/helloworld.c"
In file included from ../../test_bsp/microblaze_0/include/xil_printf.h:43:0,
                 from ../src/helloworld.c:51:
../../test_bsp/microblaze_0/include/xparameters.h:524:38: warning: initialization makes pointer from integer without a cast [-Wint-conversion]
 #define XPAR_GLUE_0_S00_AXI_BASEADDR 0x44A00000
                                      ^
../src/helloworld.c:56:32: note: in expansion of macro 'XPAR_GLUE_0_S00_AXI_BASEADDR'
 volatile unsigned int * glue = XPAR_GLUE_0_S00_AXI_BASEADDR;
                                ^
../src/helloworld.c: In function 'main':
../src/helloworld.c:67:9: warning: unused variable 'direction' [-Wunused-variable]
     int direction = 0;
         ^
'Finished building: ../src/helloworld.c'
' '
'Building target: test.elf'
'Invoking: MicroBlaze gcc linker'
mb-gcc -Wl,-T -Wl,../src/lscript.ld -L../../test_bsp/microblaze_0/lib -mlittle-endian -mcpu=v9.6 -mxl-soft-mul -Wl,--no-relax -o "test.elf"  ./src/helloworld.o ./src/platform.o   -Wl,--start-group,-lxil,-lgcc,-lc,--end-group
'Finished building target: test.elf'
' '
'Invoking: MicroBlaze Print Size'
mb-size test.elf  |tee "test.elf.size"
   text	   data	    bss	    dec	    hex	filename
  17768	   1336	   3184	  22288	   5710	test.elf
'Finished building: test.elf.size'
' '
18:27:37 **** Auto Build of configuration Debug for project test ****
make all 
'Building file: ../src/helloworld.c'
'Invoking: MicroBlaze gcc compiler'
mb-gcc -Wall -O0 -g3 -c -fmessage-length=0 -MT"src/helloworld.o" -I../../test_bsp/microblaze_0/include -mlittle-endian -mcpu=v9.6 -mxl-soft-mul -Wl,--no-relax -MMD -MP -MF"src/helloworld.d" -MT"src/helloworld.o" -o "src/helloworld.o" "../src/helloworld.c"
In file included from ../../test_bsp/microblaze_0/include/xil_printf.h:43:0,
                 from ../src/helloworld.c:51:
../../test_bsp/microblaze_0/include/xparameters.h:524:38: warning: initialization makes pointer from integer without a cast [-Wint-conversion]
 #define XPAR_GLUE_0_S00_AXI_BASEADDR 0x44A00000
                                      ^
../src/helloworld.c:56:32: note: in expansion of macro 'XPAR_GLUE_0_S00_AXI_BASEADDR'
 volatile unsigned int * glue = XPAR_GLUE_0_S00_AXI_BASEADDR;
                                ^
../src/helloworld.c: In function 'main':
../src/helloworld.c:67:9: warning: unused variable 'direction' [-Wunused-variable]
     int direction = 0;
         ^
'Finished building: ../src/helloworld.c'
' '
'Building target: test.elf'
'Invoking: MicroBlaze gcc linker'
mb-gcc -Wl,-T -Wl,../src/lscript.ld -L../../test_bsp/microblaze_0/lib -mlittle-endian -mcpu=v9.6 -mxl-soft-mul -Wl,--no-relax -o "test.elf"  ./src/helloworld.o ./src/platform.o   -Wl,--start-group,-lxil,-lgcc,-lc,--end-group
'Finished building target: test.elf'
' '
'Invoking: MicroBlaze Print Size'
mb-size test.elf  |tee "test.elf.size"
   text	   data	    bss	    dec	    hex	filename
  17784	   1336	   3184	  22304	   5720	test.elf
'Finished building: test.elf.size'
' '
18:33:36 **** Auto Build of configuration Debug for project test ****
make all 
'Building file: ../src/helloworld.c'
'Invoking: MicroBlaze gcc compiler'
mb-gcc -Wall -O0 -g3 -c -fmessage-length=0 -MT"src/helloworld.o" -I../../test_bsp/microblaze_0/include -mlittle-endian -mcpu=v9.6 -mxl-soft-mul -Wl,--no-relax -MMD -MP -MF"src/helloworld.d" -MT"src/helloworld.o" -o "src/helloworld.o" "../src/helloworld.c"
In file included from ../../test_bsp/microblaze_0/include/xil_printf.h:43:0,
                 from ../src/helloworld.c:51:
../../test_bsp/microblaze_0/include/xparameters.h:524:38: warning: initialization makes pointer from integer without a cast [-Wint-conversion]
 #define XPAR_GLUE_0_S00_AXI_BASEADDR 0x44A00000
                                      ^
../src/helloworld.c:56:32: note: in expansion of macro 'XPAR_GLUE_0_S00_AXI_BASEADDR'
 volatile unsigned int * glue = XPAR_GLUE_0_S00_AXI_BASEADDR;
                                ^
'Finished building: ../src/helloworld.c'
' '
'Building target: test.elf'
'Invoking: MicroBlaze gcc linker'
mb-gcc -Wl,-T -Wl,../src/lscript.ld -L../../test_bsp/microblaze_0/lib -mlittle-endian -mcpu=v9.6 -mxl-soft-mul -Wl,--no-relax -o "test.elf"  ./src/helloworld.o ./src/platform.o   -Wl,--start-group,-lxil,-lgcc,-lc,--end-group
'Finished building target: test.elf'
' '
'Invoking: MicroBlaze Print Size'
mb-size test.elf  |tee "test.elf.size"
   text	   data	    bss	    dec	    hex	filename
  17940	   1336	   3188	  22464	   57c0	test.elf
'Finished building: test.elf.size'
' '
18:33:46 **** Auto Build of configuration Debug for project test ****
make all 
'Building file: ../src/helloworld.c'
'Invoking: MicroBlaze gcc compiler'
mb-gcc -Wall -O0 -g3 -c -fmessage-length=0 -MT"src/helloworld.o" -I../../test_bsp/microblaze_0/include -mlittle-endian -mcpu=v9.6 -mxl-soft-mul -Wl,--no-relax -MMD -MP -MF"src/helloworld.d" -MT"src/helloworld.o" -o "src/helloworld.o" "../src/helloworld.c"
In file included from ../../test_bsp/microblaze_0/include/xil_printf.h:43:0,
                 from ../src/helloworld.c:51:
../../test_bsp/microblaze_0/include/xparameters.h:524:38: warning: initialization makes pointer from integer without a cast [-Wint-conversion]
 #define XPAR_GLUE_0_S00_AXI_BASEADDR 0x44A00000
                                      ^
../src/helloworld.c:56:32: note: in expansion of macro 'XPAR_GLUE_0_S00_AXI_BASEADDR'
 volatile unsigned int * glue = XPAR_GLUE_0_S00_AXI_BASEADDR;
                                ^
../src/helloworld.c: In function 'main':
../src/helloworld.c:93:6: error: expected ';' before 'case'
      case 2:
      ^
make: *** [src/helloworld.o] Error 1
18:33:49 **** Auto Build of configuration Debug for project test ****
make all 
'Building file: ../src/helloworld.c'
'Invoking: MicroBlaze gcc compiler'
mb-gcc -Wall -O0 -g3 -c -fmessage-length=0 -MT"src/helloworld.o" -I../../test_bsp/microblaze_0/include -mlittle-endian -mcpu=v9.6 -mxl-soft-mul -Wl,--no-relax -MMD -MP -MF"src/helloworld.d" -MT"src/helloworld.o" -o "src/helloworld.o" "../src/helloworld.c"
In file included from ../../test_bsp/microblaze_0/include/xil_printf.h:43:0,
                 from ../src/helloworld.c:51:
../../test_bsp/microblaze_0/include/xparameters.h:524:38: warning: initialization makes pointer from integer without a cast [-Wint-conversion]
 #define XPAR_GLUE_0_S00_AXI_BASEADDR 0x44A00000
                                      ^
../src/helloworld.c:56:32: note: in expansion of macro 'XPAR_GLUE_0_S00_AXI_BASEADDR'
 volatile unsigned int * glue = XPAR_GLUE_0_S00_AXI_BASEADDR;
                                ^
'Finished building: ../src/helloworld.c'
' '
'Building target: test.elf'
'Invoking: MicroBlaze gcc linker'
mb-gcc -Wl,-T -Wl,../src/lscript.ld -L../../test_bsp/microblaze_0/lib -mlittle-endian -mcpu=v9.6 -mxl-soft-mul -Wl,--no-relax -o "test.elf"  ./src/helloworld.o ./src/platform.o   -Wl,--start-group,-lxil,-lgcc,-lc,--end-group
'Finished building target: test.elf'
' '
'Invoking: MicroBlaze Print Size'
mb-size test.elf  |tee "test.elf.size"
   text	   data	    bss	    dec	    hex	filename
  17948	   1336	   3188	  22472	   57c8	test.elf
'Finished building: test.elf.size'
' '
18:38:15 **** Auto Build of configuration Debug for project test ****
make all 
'Building file: ../src/helloworld.c'
'Invoking: MicroBlaze gcc compiler'
mb-gcc -Wall -O0 -g3 -c -fmessage-length=0 -MT"src/helloworld.o" -I../../test_bsp/microblaze_0/include -mlittle-endian -mcpu=v9.6 -mxl-soft-mul -Wl,--no-relax -MMD -MP -MF"src/helloworld.d" -MT"src/helloworld.o" -o "src/helloworld.o" "../src/helloworld.c"
In file included from ../../test_bsp/microblaze_0/include/xil_printf.h:43:0,
                 from ../src/helloworld.c:51:
../../test_bsp/microblaze_0/include/xparameters.h:524:38: warning: initialization makes pointer from integer without a cast [-Wint-conversion]
 #define XPAR_GLUE_0_S00_AXI_BASEADDR 0x44A00000
                                      ^
../src/helloworld.c:56:32: note: in expansion of macro 'XPAR_GLUE_0_S00_AXI_BASEADDR'
 volatile unsigned int * glue = XPAR_GLUE_0_S00_AXI_BASEADDR;
                                ^
'Finished building: ../src/helloworld.c'
' '
'Building target: test.elf'
'Invoking: MicroBlaze gcc linker'
mb-gcc -Wl,-T -Wl,../src/lscript.ld -L../../test_bsp/microblaze_0/lib -mlittle-endian -mcpu=v9.6 -mxl-soft-mul -Wl,--no-relax -o "test.elf"  ./src/helloworld.o ./src/platform.o   -Wl,--start-group,-lxil,-lgcc,-lc,--end-group
'Finished building target: test.elf'
' '
'Invoking: MicroBlaze Print Size'
mb-size test.elf  |tee "test.elf.size"
   text	   data	    bss	    dec	    hex	filename
  18412	   1336	   3188	  22936	   5998	test.elf
'Finished building: test.elf.size'
' '
18:38:56 **** Incremental Build of configuration Debug for project test ****
make all 
make: Nothing to be done for `all'.
18:40:11 **** Incremental Build of configuration Debug for project test ****
make all 
make: Nothing to be done for `all'.
18:40:18 **** Auto Build of configuration Debug for project test ****
make all 
'Building file: ../src/helloworld.c'
'Invoking: MicroBlaze gcc compiler'
mb-gcc -Wall -O0 -g3 -c -fmessage-length=0 -MT"src/helloworld.o" -I../../test_bsp/microblaze_0/include -mlittle-endian -mcpu=v9.6 -mxl-soft-mul -Wl,--no-relax -MMD -MP -MF"src/helloworld.d" -MT"src/helloworld.o" -o "src/helloworld.o" "../src/helloworld.c"
In file included from ../../test_bsp/microblaze_0/include/xil_printf.h:43:0,
                 from ../src/helloworld.c:51:
../../test_bsp/microblaze_0/include/xparameters.h:524:38: warning: initialization makes pointer from integer without a cast [-Wint-conversion]
 #define XPAR_GLUE_0_S00_AXI_BASEADDR 0x44A00000
                                      ^
../src/helloworld.c:56:32: note: in expansion of macro 'XPAR_GLUE_0_S00_AXI_BASEADDR'
 volatile unsigned int * glue = XPAR_GLUE_0_S00_AXI_BASEADDR;
                                ^
'Finished building: ../src/helloworld.c'
' '
'Building target: test.elf'
'Invoking: MicroBlaze gcc linker'
mb-gcc -Wl,-T -Wl,../src/lscript.ld -L../../test_bsp/microblaze_0/lib -mlittle-endian -mcpu=v9.6 -mxl-soft-mul -Wl,--no-relax -o "test.elf"  ./src/helloworld.o ./src/platform.o   -Wl,--start-group,-lxil,-lgcc,-lc,--end-group
'Finished building target: test.elf'
' '
'Invoking: MicroBlaze Print Size'
mb-size test.elf  |tee "test.elf.size"
   text	   data	    bss	    dec	    hex	filename
  18548	   1336	   3188	  23072	   5a20	test.elf
'Finished building: test.elf.size'
' '
18:40:18 **** Incremental Build of configuration Debug for project test ****
make all 
make: Nothing to be done for `all'.
18:41:48 **** Incremental Build of configuration Debug for project test ****
make all 
make: Nothing to be done for `all'.
18:42:29 **** Incremental Build of configuration Debug for project test ****
make all 
make: Nothing to be done for `all'.
15:39:41 **** Auto Build of configuration Debug for project test ****
make all 
make: Nothing to be done for `all'.
15:40:34 **** Auto Build of configuration Debug for project test ****
make all 
'Building file: ../src/helloworld.c'
'Invoking: MicroBlaze gcc compiler'
mb-gcc -Wall -O0 -g3 -c -fmessage-length=0 -MT"src/helloworld.o" -I../../test_bsp/microblaze_0/include -mlittle-endian -mcpu=v9.6 -mxl-soft-mul -Wl,--no-relax -MMD -MP -MF"src/helloworld.d" -MT"src/helloworld.o" -o "src/helloworld.o" "../src/helloworld.c"
In file included from ../../test_bsp/microblaze_0/include/xil_printf.h:43:0,
                 from ../src/helloworld.c:51:
../../test_bsp/microblaze_0/include/xparameters.h:524:38: warning: initialization makes pointer from integer without a cast [-Wint-conversion]
 #define XPAR_GLUE_0_S00_AXI_BASEADDR 0x44A00000
                                      ^
../src/helloworld.c:56:32: note: in expansion of macro 'XPAR_GLUE_0_S00_AXI_BASEADDR'
 volatile unsigned int * glue = XPAR_GLUE_0_S00_AXI_BASEADDR;
                                ^
'Finished building: ../src/helloworld.c'
' '
'Building target: test.elf'
'Invoking: MicroBlaze gcc linker'
mb-gcc -Wl,-T -Wl,../src/lscript.ld -L../../test_bsp/microblaze_0/lib -mlittle-endian -mcpu=v9.6 -mxl-soft-mul -Wl,--no-relax -o "test.elf"  ./src/helloworld.o ./src/platform.o   -Wl,--start-group,-lxil,-lgcc,-lc,--end-group
'Finished building target: test.elf'
' '
'Invoking: MicroBlaze Print Size'
mb-size test.elf  |tee "test.elf.size"
   text	   data	    bss	    dec	    hex	filename
  18624	   1336	   3184	  23144	   5a68	test.elf
'Finished building: test.elf.size'
' '
15:40:39 **** Incremental Build of configuration Debug for project test ****
make all 
make: Nothing to be done for `all'.
15:40:53 **** Auto Build of configuration Debug for project test ****
make all 
'Building file: ../src/helloworld.c'
'Invoking: MicroBlaze gcc compiler'
mb-gcc -Wall -O0 -g3 -c -fmessage-length=0 -MT"src/helloworld.o" -I../../test_bsp/microblaze_0/include -mlittle-endian -mcpu=v9.6 -mxl-soft-mul -Wl,--no-relax -MMD -MP -MF"src/helloworld.d" -MT"src/helloworld.o" -o "src/helloworld.o" "../src/helloworld.c"
In file included from ../../test_bsp/microblaze_0/include/xil_printf.h:43:0,
                 from ../src/helloworld.c:51:
../../test_bsp/microblaze_0/include/xparameters.h:524:38: warning: initialization makes pointer from integer without a cast [-Wint-conversion]
 #define XPAR_GLUE_0_S00_AXI_BASEADDR 0x44A00000
                                      ^
../src/helloworld.c:56:32: note: in expansion of macro 'XPAR_GLUE_0_S00_AXI_BASEADDR'
 volatile unsigned int * glue = XPAR_GLUE_0_S00_AXI_BASEADDR;
                                ^
'Finished building: ../src/helloworld.c'
' '
'Building target: test.elf'
'Invoking: MicroBlaze gcc linker'
mb-gcc -Wl,-T -Wl,../src/lscript.ld -L../../test_bsp/microblaze_0/lib -mlittle-endian -mcpu=v9.6 -mxl-soft-mul -Wl,--no-relax -o "test.elf"  ./src/helloworld.o ./src/platform.o   -Wl,--start-group,-lxil,-lgcc,-lc,--end-group
'Finished building target: test.elf'
' '
'Invoking: MicroBlaze Print Size'
mb-size test.elf  |tee "test.elf.size"
   text	   data	    bss	    dec	    hex	filename
  18628	   1336	   3188	  23152	   5a70	test.elf
'Finished building: test.elf.size'
' '
15:40:55 **** Incremental Build of configuration Debug for project test ****
make all 
make: Nothing to be done for `all'.
15:44:30 **** Auto Build of configuration Debug for project test ****
make all 
'Building file: ../src/helloworld.c'
'Invoking: MicroBlaze gcc compiler'
mb-gcc -Wall -O0 -g3 -c -fmessage-length=0 -MT"src/helloworld.o" -I../../test_bsp/microblaze_0/include -mlittle-endian -mcpu=v9.6 -mxl-soft-mul -Wl,--no-relax -MMD -MP -MF"src/helloworld.d" -MT"src/helloworld.o" -o "src/helloworld.o" "../src/helloworld.c"
In file included from ../../test_bsp/microblaze_0/include/xil_printf.h:43:0,
                 from ../src/helloworld.c:51:
../../test_bsp/microblaze_0/include/xparameters.h:524:38: warning: initialization makes pointer from integer without a cast [-Wint-conversion]
 #define XPAR_GLUE_0_S00_AXI_BASEADDR 0x44A00000
                                      ^
../src/helloworld.c:56:32: note: in expansion of macro 'XPAR_GLUE_0_S00_AXI_BASEADDR'
 volatile unsigned int * glue = XPAR_GLUE_0_S00_AXI_BASEADDR;
                                ^
'Finished building: ../src/helloworld.c'
' '
'Building target: test.elf'
'Invoking: MicroBlaze gcc linker'
mb-gcc -Wl,-T -Wl,../src/lscript.ld -L../../test_bsp/microblaze_0/lib -mlittle-endian -mcpu=v9.6 -mxl-soft-mul -Wl,--no-relax -o "test.elf"  ./src/helloworld.o ./src/platform.o   -Wl,--start-group,-lxil,-lgcc,-lc,--end-group
'Finished building target: test.elf'
' '
'Invoking: MicroBlaze Print Size'
mb-size test.elf  |tee "test.elf.size"
   text	   data	    bss	    dec	    hex	filename
  18628	   1336	   3188	  23152	   5a70	test.elf
'Finished building: test.elf.size'
' '
15:45:33 **** Auto Build of configuration Debug for project test ****
make all 
'Building file: ../src/helloworld.c'
'Invoking: MicroBlaze gcc compiler'
mb-gcc -Wall -O0 -g3 -c -fmessage-length=0 -MT"src/helloworld.o" -I../../test_bsp/microblaze_0/include -mlittle-endian -mcpu=v9.6 -mxl-soft-mul -Wl,--no-relax -MMD -MP -MF"src/helloworld.d" -MT"src/helloworld.o" -o "src/helloworld.o" "../src/helloworld.c"
In file included from ../../test_bsp/microblaze_0/include/xil_printf.h:43:0,
                 from ../src/helloworld.c:51:
../../test_bsp/microblaze_0/include/xparameters.h:524:38: warning: initialization makes pointer from integer without a cast [-Wint-conversion]
 #define XPAR_GLUE_0_S00_AXI_BASEADDR 0x44A00000
                                      ^
../src/helloworld.c:56:32: note: in expansion of macro 'XPAR_GLUE_0_S00_AXI_BASEADDR'
 volatile unsigned int * glue = XPAR_GLUE_0_S00_AXI_BASEADDR;
                                ^
'Finished building: ../src/helloworld.c'
' '
'Building target: test.elf'
'Invoking: MicroBlaze gcc linker'
mb-gcc -Wl,-T -Wl,../src/lscript.ld -L../../test_bsp/microblaze_0/lib -mlittle-endian -mcpu=v9.6 -mxl-soft-mul -Wl,--no-relax -o "test.elf"  ./src/helloworld.o ./src/platform.o   -Wl,--start-group,-lxil,-lgcc,-lc,--end-group
'Finished building target: test.elf'
' '
'Invoking: MicroBlaze Print Size'
mb-size test.elf  |tee "test.elf.size"
   text	   data	    bss	    dec	    hex	filename
  18488	   1328	   3176	  22992	   59d0	test.elf
'Finished building: test.elf.size'
' '
16:19:32 **** Auto Build of project test_bsp ****
make -k all 
"Running Make include in microblaze_0/libsrc/bram_v4_1/src"
make -C microblaze_0/libsrc/bram_v4_1/src -s include  "SHELL=CMD" "COMPILER=mb-gcc" "ARCHIVER=mb-ar" "COMPILER_FLAGS= -O2 -c -mcpu=v9.6 -mlittle-endian -mxl-soft-mul" "EXTRA_COMPILER_FLAGS=-g"
"Running Make include in microblaze_0/libsrc/cpu_v2_5/src"
make -C microblaze_0/libsrc/cpu_v2_5/src -s include  "SHELL=CMD" "COMPILER=mb-gcc" "ARCHIVER=mb-ar" "COMPILER_FLAGS= -O2 -c -mcpu=v9.6 -mlittle-endian -mxl-soft-mul" "EXTRA_COMPILER_FLAGS=-g"
"Running Make include in microblaze_0/libsrc/glue_v1_0/src"
make -C microblaze_0/libsrc/glue_v1_0/src -s include  "SHELL=CMD" "COMPILER=mb-gcc" "ARCHIVER=mb-ar" "COMPILER_FLAGS= -O2 -c -mcpu=v9.6 -mlittle-endian -mxl-soft-mul" "EXTRA_COMPILER_FLAGS=-g"
"Running Make include in microblaze_0/libsrc/standalone_v5_5/src"
make -C microblaze_0/libsrc/standalone_v5_5/src -s include  "SHELL=CMD" "COMPILER=mb-gcc" "ARCHIVER=mb-ar" "COMPILER_FLAGS= -O2 -c -mcpu=v9.6 -mlittle-endian -mxl-soft-mul" "EXTRA_COMPILER_FLAGS=-g"
"Running Make include in microblaze_0/libsrc/uartlite_v3_2/src"
make -C microblaze_0/libsrc/uartlite_v3_2/src -s include  "SHELL=CMD" "COMPILER=mb-gcc" "ARCHIVER=mb-ar" "COMPILER_FLAGS= -O2 -c -mcpu=v9.6 -mlittle-endian -mxl-soft-mul" "EXTRA_COMPILER_FLAGS=-g"
"Running Make libs in microblaze_0/libsrc/bram_v4_1/src"
make -C microblaze_0/libsrc/bram_v4_1/src -s libs  "SHELL=CMD" "COMPILER=mb-gcc" "ARCHIVER=mb-ar" "COMPILER_FLAGS= -O2 -c -mcpu=v9.6 -mlittle-endian -mxl-soft-mul" "EXTRA_COMPILER_FLAGS=-g"
"Compiling bram"
"Running Make libs in microblaze_0/libsrc/cpu_v2_5/src"
make -C microblaze_0/libsrc/cpu_v2_5/src -s libs  "SHELL=CMD" "COMPILER=mb-gcc" "ARCHIVER=mb-ar" "COMPILER_FLAGS= -O2 -c -mcpu=v9.6 -mlittle-endian -mxl-soft-mul" "EXTRA_COMPILER_FLAGS=-g"
"Compiling cpu"
"Running Make libs in microblaze_0/libsrc/glue_v1_0/src"
make -C microblaze_0/libsrc/glue_v1_0/src -s libs  "SHELL=CMD" "COMPILER=mb-gcc" "ARCHIVER=mb-ar" "COMPILER_FLAGS= -O2 -c -mcpu=v9.6 -mlittle-endian -mxl-soft-mul" "EXTRA_COMPILER_FLAGS=-g"
"Compiling glue..."
"Running Make libs in microblaze_0/libsrc/standalone_v5_5/src"
make -C microblaze_0/libsrc/standalone_v5_5/src -s libs  "SHELL=CMD" "COMPILER=mb-gcc" "ARCHIVER=mb-ar" "COMPILER_FLAGS= -O2 -c -mcpu=v9.6 -mlittle-endian -mxl-soft-mul" "EXTRA_COMPILER_FLAGS=-g"
"Compiling standalone";
"Running Make libs in microblaze_0/libsrc/uartlite_v3_2/src"
make -C microblaze_0/libsrc/uartlite_v3_2/src -s libs  "SHELL=CMD" "COMPILER=mb-gcc" "ARCHIVER=mb-ar" "COMPILER_FLAGS= -O2 -c -mcpu=v9.6 -mlittle-endian -mxl-soft-mul" "EXTRA_COMPILER_FLAGS=-g"
"Compiling uartlite"
'Finished building libraries'
16:19:43 **** Auto Build of configuration Debug for project test ****
make all 
'Building file: ../src/helloworld.c'
'Invoking: MicroBlaze gcc compiler'
mb-gcc -Wall -O0 -g3 -c -fmessage-length=0 -MT"src/helloworld.o" -I../../test_bsp/microblaze_0/include -mlittle-endian -mcpu=v9.6 -mxl-soft-mul -Wl,--no-relax -MMD -MP -MF"src/helloworld.d" -MT"src/helloworld.o" -o "src/helloworld.o" "../src/helloworld.c"
In file included from ../../test_bsp/microblaze_0/include/xil_printf.h:43:0,
                 from ../src/helloworld.c:51:
../../test_bsp/microblaze_0/include/xparameters.h:524:38: warning: initialization makes pointer from integer without a cast [-Wint-conversion]
 #define XPAR_GLUE_0_S00_AXI_BASEADDR 0x44A00000
                                      ^
../src/helloworld.c:56:32: note: in expansion of macro 'XPAR_GLUE_0_S00_AXI_BASEADDR'
 volatile unsigned int * glue = XPAR_GLUE_0_S00_AXI_BASEADDR;
                                ^
'Finished building: ../src/helloworld.c'
' '
'Building file: ../src/platform.c'
'Invoking: MicroBlaze gcc compiler'
mb-gcc -Wall -O0 -g3 -c -fmessage-length=0 -MT"src/platform.o" -I../../test_bsp/microblaze_0/include -mlittle-endian -mcpu=v9.6 -mxl-soft-mul -Wl,--no-relax -MMD -MP -MF"src/platform.d" -MT"src/platform.o" -o "src/platform.o" "../src/platform.c"
'Finished building: ../src/platform.c'
' '
'Building target: test.elf'
'Invoking: MicroBlaze gcc linker'
mb-gcc -Wl,-T -Wl,../src/lscript.ld -L../../test_bsp/microblaze_0/lib -mlittle-endian -mcpu=v9.6 -mxl-soft-mul -Wl,--no-relax -o "test.elf"  ./src/helloworld.o ./src/platform.o   -Wl,--start-group,-lxil,-lgcc,-lc,--end-group
'Finished building target: test.elf'
' '
'Invoking: MicroBlaze Print Size'
mb-size test.elf  |tee "test.elf.size"
   text	   data	    bss	    dec	    hex	filename
  18488	   1328	   3176	  22992	   59d0	test.elf
'Finished building: test.elf.size'
' '
16:20:33 **** Build of project interrupts_bsp ****
make -k all 
"Running Make include in microblaze_0/libsrc/bram_v4_1/src"
make -C microblaze_0/libsrc/bram_v4_1/src -s include  "SHELL=CMD" "COMPILER=mb-gcc" "ARCHIVER=mb-ar" "COMPILER_FLAGS= -O2 -c -mcpu=v9.6 -mlittle-endian -mxl-soft-mul" "EXTRA_COMPILER_FLAGS=-g"
"Running Make include in microblaze_0/libsrc/cpu_v2_5/src"
make -C microblaze_0/libsrc/cpu_v2_5/src -s include  "SHELL=CMD" "COMPILER=mb-gcc" "ARCHIVER=mb-ar" "COMPILER_FLAGS= -O2 -c -mcpu=v9.6 -mlittle-endian -mxl-soft-mul" "EXTRA_COMPILER_FLAGS=-g"
"Running Make include in microblaze_0/libsrc/glue_v1_0/src"
make -C microblaze_0/libsrc/glue_v1_0/src -s include  "SHELL=CMD" "COMPILER=mb-gcc" "ARCHIVER=mb-ar" "COMPILER_FLAGS= -O2 -c -mcpu=v9.6 -mlittle-endian -mxl-soft-mul" "EXTRA_COMPILER_FLAGS=-g"
"Running Make include in microblaze_0/libsrc/standalone_v5_5/src"
make -C microblaze_0/libsrc/standalone_v5_5/src -s include  "SHELL=CMD" "COMPILER=mb-gcc" "ARCHIVER=mb-ar" "COMPILER_FLAGS= -O2 -c -mcpu=v9.6 -mlittle-endian -mxl-soft-mul" "EXTRA_COMPILER_FLAGS=-g"
"Running Make include in microblaze_0/libsrc/uartlite_v3_2/src"
make -C microblaze_0/libsrc/uartlite_v3_2/src -s include  "SHELL=CMD" "COMPILER=mb-gcc" "ARCHIVER=mb-ar" "COMPILER_FLAGS= -O2 -c -mcpu=v9.6 -mlittle-endian -mxl-soft-mul" "EXTRA_COMPILER_FLAGS=-g"
"Running Make libs in microblaze_0/libsrc/bram_v4_1/src"
make -C microblaze_0/libsrc/bram_v4_1/src -s libs  "SHELL=CMD" "COMPILER=mb-gcc" "ARCHIVER=mb-ar" "COMPILER_FLAGS= -O2 -c -mcpu=v9.6 -mlittle-endian -mxl-soft-mul" "EXTRA_COMPILER_FLAGS=-g"
"Compiling bram"
mb-ar: creating ../../../lib/libxil.a
"Running Make libs in microblaze_0/libsrc/cpu_v2_5/src"
make -C microblaze_0/libsrc/cpu_v2_5/src -s libs  "SHELL=CMD" "COMPILER=mb-gcc" "ARCHIVER=mb-ar" "COMPILER_FLAGS= -O2 -c -mcpu=v9.6 -mlittle-endian -mxl-soft-mul" "EXTRA_COMPILER_FLAGS=-g"
"Compiling cpu"
"Running Make libs in microblaze_0/libsrc/glue_v1_0/src"
make -C microblaze_0/libsrc/glue_v1_0/src -s libs  "SHELL=CMD" "COMPILER=mb-gcc" "ARCHIVER=mb-ar" "COMPILER_FLAGS= -O2 -c -mcpu=v9.6 -mlittle-endian -mxl-soft-mul" "EXTRA_COMPILER_FLAGS=-g"
"Compiling glue..."
"Running Make libs in microblaze_0/libsrc/standalone_v5_5/src"
make -C microblaze_0/libsrc/standalone_v5_5/src -s libs  "SHELL=CMD" "COMPILER=mb-gcc" "ARCHIVER=mb-ar" "COMPILER_FLAGS= -O2 -c -mcpu=v9.6 -mlittle-endian -mxl-soft-mul" "EXTRA_COMPILER_FLAGS=-g"
"Compiling standalone";
"Running Make libs in microblaze_0/libsrc/uartlite_v3_2/src"
make -C microblaze_0/libsrc/uartlite_v3_2/src -s libs  "SHELL=CMD" "COMPILER=mb-gcc" "ARCHIVER=mb-ar" "COMPILER_FLAGS= -O2 -c -mcpu=v9.6 -mlittle-endian -mxl-soft-mul" "EXTRA_COMPILER_FLAGS=-g"
"Compiling uartlite"
'Finished building libraries'
16:20:39 **** Build of configuration Debug for project interrupts ****
make all 
'Building file: ../src/helloworld.c'
'Invoking: MicroBlaze gcc compiler'
mb-gcc -Wall -O0 -g3 -c -fmessage-length=0 -MT"src/helloworld.o" -I../../interrupts_bsp/microblaze_0/include -mlittle-endian -mcpu=v9.6 -mxl-soft-mul -Wl,--no-relax -MMD -MP -MF"src/helloworld.d" -MT"src/helloworld.o" -o "src/helloworld.o" "../src/helloworld.c"
'Finished building: ../src/helloworld.c'
' '
'Building file: ../src/platform.c'
'Invoking: MicroBlaze gcc compiler'
mb-gcc -Wall -O0 -g3 -c -fmessage-length=0 -MT"src/platform.o" -I../../interrupts_bsp/microblaze_0/include -mlittle-endian -mcpu=v9.6 -mxl-soft-mul -Wl,--no-relax -MMD -MP -MF"src/platform.d" -MT"src/platform.o" -o "src/platform.o" "../src/platform.c"
'Finished building: ../src/platform.c'
' '
'Building target: interrupts.elf'
'Invoking: MicroBlaze gcc linker'
mb-gcc -Wl,-T -Wl,../src/lscript.ld -L../../interrupts_bsp/microblaze_0/lib -mlittle-endian -mcpu=v9.6 -mxl-soft-mul -Wl,--no-relax -o "interrupts.elf"  ./src/helloworld.o ./src/platform.o   -Wl,--start-group,-lxil,-lgcc,-lc,--end-group
'Finished building target: interrupts.elf'
' '
'Invoking: MicroBlaze Print Size'
mb-size interrupts.elf  |tee "interrupts.elf.size"
   text	   data	    bss	    dec	    hex	filename
   2832	    288	   3120	   6240	   1860	interrupts.elf
'Finished building: interrupts.elf.size'
' '
16:37:52 **** Build of project interrupts_bsp ****
make -k all 
"Running Make include in microblaze_0/libsrc/bram_v4_1/src"
make -C microblaze_0/libsrc/bram_v4_1/src -s include  "SHELL=CMD" "COMPILER=mb-gcc" "ARCHIVER=mb-ar" "COMPILER_FLAGS= -O2 -c -mcpu=v9.6 -mlittle-endian -mxl-soft-mul" "EXTRA_COMPILER_FLAGS=-g"
"Running Make include in microblaze_0/libsrc/cpu_v2_5/src"
make -C microblaze_0/libsrc/cpu_v2_5/src -s include  "SHELL=CMD" "COMPILER=mb-gcc" "ARCHIVER=mb-ar" "COMPILER_FLAGS= -O2 -c -mcpu=v9.6 -mlittle-endian -mxl-soft-mul" "EXTRA_COMPILER_FLAGS=-g"
"Running Make include in microblaze_0/libsrc/glue_v1_0/src"
make -C microblaze_0/libsrc/glue_v1_0/src -s include  "SHELL=CMD" "COMPILER=mb-gcc" "ARCHIVER=mb-ar" "COMPILER_FLAGS= -O2 -c -mcpu=v9.6 -mlittle-endian -mxl-soft-mul" "EXTRA_COMPILER_FLAGS=-g"
"Running Make include in microblaze_0/libsrc/standalone_v5_5/src"
make -C microblaze_0/libsrc/standalone_v5_5/src -s include  "SHELL=CMD" "COMPILER=mb-gcc" "ARCHIVER=mb-ar" "COMPILER_FLAGS= -O2 -c -mcpu=v9.6 -mlittle-endian -mxl-soft-mul" "EXTRA_COMPILER_FLAGS=-g"
"Running Make include in microblaze_0/libsrc/uartlite_v3_2/src"
make -C microblaze_0/libsrc/uartlite_v3_2/src -s include  "SHELL=CMD" "COMPILER=mb-gcc" "ARCHIVER=mb-ar" "COMPILER_FLAGS= -O2 -c -mcpu=v9.6 -mlittle-endian -mxl-soft-mul" "EXTRA_COMPILER_FLAGS=-g"
"Running Make libs in microblaze_0/libsrc/bram_v4_1/src"
make -C microblaze_0/libsrc/bram_v4_1/src -s libs  "SHELL=CMD" "COMPILER=mb-gcc" "ARCHIVER=mb-ar" "COMPILER_FLAGS= -O2 -c -mcpu=v9.6 -mlittle-endian -mxl-soft-mul" "EXTRA_COMPILER_FLAGS=-g"
"Compiling bram"
mb-ar: creating ../../../lib/libxil.a
"Running Make libs in microblaze_0/libsrc/cpu_v2_5/src"
make -C microblaze_0/libsrc/cpu_v2_5/src -s libs  "SHELL=CMD" "COMPILER=mb-gcc" "ARCHIVER=mb-ar" "COMPILER_FLAGS= -O2 -c -mcpu=v9.6 -mlittle-endian -mxl-soft-mul" "EXTRA_COMPILER_FLAGS=-g"
"Compiling cpu"
"Running Make libs in microblaze_0/libsrc/glue_v1_0/src"
make -C microblaze_0/libsrc/glue_v1_0/src -s libs  "SHELL=CMD" "COMPILER=mb-gcc" "ARCHIVER=mb-ar" "COMPILER_FLAGS= -O2 -c -mcpu=v9.6 -mlittle-endian -mxl-soft-mul" "EXTRA_COMPILER_FLAGS=-g"
"Compiling glue..."
"Running Make libs in microblaze_0/libsrc/standalone_v5_5/src"
make -C microblaze_0/libsrc/standalone_v5_5/src -s libs  "SHELL=CMD" "COMPILER=mb-gcc" "ARCHIVER=mb-ar" "COMPILER_FLAGS= -O2 -c -mcpu=v9.6 -mlittle-endian -mxl-soft-mul" "EXTRA_COMPILER_FLAGS=-g"
"Compiling standalone";
"Running Make libs in microblaze_0/libsrc/uartlite_v3_2/src"
make -C microblaze_0/libsrc/uartlite_v3_2/src -s libs  "SHELL=CMD" "COMPILER=mb-gcc" "ARCHIVER=mb-ar" "COMPILER_FLAGS= -O2 -c -mcpu=v9.6 -mlittle-endian -mxl-soft-mul" "EXTRA_COMPILER_FLAGS=-g"
"Compiling uartlite"
'Finished building libraries'
16:37:58 **** Build of configuration Debug for project interrupts ****
make all 
'Building file: ../src/helloworld.c'
'Invoking: MicroBlaze gcc compiler'
mb-gcc -Wall -O0 -g3 -c -fmessage-length=0 -MT"src/helloworld.o" -I../../interrupts_bsp/microblaze_0/include -mlittle-endian -mcpu=v9.6 -mxl-soft-mul -Wl,--no-relax -MMD -MP -MF"src/helloworld.d" -MT"src/helloworld.o" -o "src/helloworld.o" "../src/helloworld.c"
'Finished building: ../src/helloworld.c'
' '
'Building file: ../src/platform.c'
'Invoking: MicroBlaze gcc compiler'
mb-gcc -Wall -O0 -g3 -c -fmessage-length=0 -MT"src/platform.o" -I../../interrupts_bsp/microblaze_0/include -mlittle-endian -mcpu=v9.6 -mxl-soft-mul -Wl,--no-relax -MMD -MP -MF"src/platform.d" -MT"src/platform.o" -o "src/platform.o" "../src/platform.c"
'Finished building: ../src/platform.c'
' '
'Building target: interrupts.elf'
'Invoking: MicroBlaze gcc linker'
mb-gcc -Wl,-T -Wl,../src/lscript.ld -L../../interrupts_bsp/microblaze_0/lib -mlittle-endian -mcpu=v9.6 -mxl-soft-mul -Wl,--no-relax -o "interrupts.elf"  ./src/helloworld.o ./src/platform.o   -Wl,--start-group,-lxil,-lgcc,-lc,--end-group
'Finished building target: interrupts.elf'
' '
'Invoking: MicroBlaze Print Size'
mb-size interrupts.elf  |tee "interrupts.elf.size"
   text	   data	    bss	    dec	    hex	filename
   2832	    288	   3120	   6240	   1860	interrupts.elf
'Finished building: interrupts.elf.size'
' '
16:40:48 **** Build of project interrupts_bsp ****
make -k all 
"Running Make include in microblaze_0/libsrc/bram_v4_1/src"
make -C microblaze_0/libsrc/bram_v4_1/src -s include  "SHELL=CMD" "COMPILER=mb-gcc" "ARCHIVER=mb-ar" "COMPILER_FLAGS= -O2 -c -mcpu=v9.6 -mlittle-endian -mxl-soft-mul" "EXTRA_COMPILER_FLAGS=-g"
"Running Make include in microblaze_0/libsrc/cpu_v2_5/src"
make -C microblaze_0/libsrc/cpu_v2_5/src -s include  "SHELL=CMD" "COMPILER=mb-gcc" "ARCHIVER=mb-ar" "COMPILER_FLAGS= -O2 -c -mcpu=v9.6 -mlittle-endian -mxl-soft-mul" "EXTRA_COMPILER_FLAGS=-g"
"Running Make include in microblaze_0/libsrc/glue_v1_0/src"
make -C microblaze_0/libsrc/glue_v1_0/src -s include  "SHELL=CMD" "COMPILER=mb-gcc" "ARCHIVER=mb-ar" "COMPILER_FLAGS= -O2 -c -mcpu=v9.6 -mlittle-endian -mxl-soft-mul" "EXTRA_COMPILER_FLAGS=-g"
"Running Make include in microblaze_0/libsrc/intc_v3_5/src"
make -C microblaze_0/libsrc/intc_v3_5/src -s include  "SHELL=CMD" "COMPILER=mb-gcc" "ARCHIVER=mb-ar" "COMPILER_FLAGS= -O2 -c -mcpu=v9.6 -mlittle-endian -mxl-soft-mul" "EXTRA_COMPILER_FLAGS=-g"
"Running Make include in microblaze_0/libsrc/standalone_v5_5/src"
make -C microblaze_0/libsrc/standalone_v5_5/src -s include  "SHELL=CMD" "COMPILER=mb-gcc" "ARCHIVER=mb-ar" "COMPILER_FLAGS= -O2 -c -mcpu=v9.6 -mlittle-endian -mxl-soft-mul" "EXTRA_COMPILER_FLAGS=-g"
"Running Make include in microblaze_0/libsrc/uartlite_v3_2/src"
make -C microblaze_0/libsrc/uartlite_v3_2/src -s include  "SHELL=CMD" "COMPILER=mb-gcc" "ARCHIVER=mb-ar" "COMPILER_FLAGS= -O2 -c -mcpu=v9.6 -mlittle-endian -mxl-soft-mul" "EXTRA_COMPILER_FLAGS=-g"
"Running Make libs in microblaze_0/libsrc/bram_v4_1/src"
make -C microblaze_0/libsrc/bram_v4_1/src -s libs  "SHELL=CMD" "COMPILER=mb-gcc" "ARCHIVER=mb-ar" "COMPILER_FLAGS= -O2 -c -mcpu=v9.6 -mlittle-endian -mxl-soft-mul" "EXTRA_COMPILER_FLAGS=-g"
"Compiling bram"
mb-ar: creating ../../../lib/libxil.a
"Running Make libs in microblaze_0/libsrc/cpu_v2_5/src"
make -C microblaze_0/libsrc/cpu_v2_5/src -s libs  "SHELL=CMD" "COMPILER=mb-gcc" "ARCHIVER=mb-ar" "COMPILER_FLAGS= -O2 -c -mcpu=v9.6 -mlittle-endian -mxl-soft-mul" "EXTRA_COMPILER_FLAGS=-g"
"Compiling cpu"
"Running Make libs in microblaze_0/libsrc/glue_v1_0/src"
make -C microblaze_0/libsrc/glue_v1_0/src -s libs  "SHELL=CMD" "COMPILER=mb-gcc" "ARCHIVER=mb-ar" "COMPILER_FLAGS= -O2 -c -mcpu=v9.6 -mlittle-endian -mxl-soft-mul" "EXTRA_COMPILER_FLAGS=-g"
"Compiling glue..."
"Running Make libs in microblaze_0/libsrc/intc_v3_5/src"
make -C microblaze_0/libsrc/intc_v3_5/src -s libs  "SHELL=CMD" "COMPILER=mb-gcc" "ARCHIVER=mb-ar" "COMPILER_FLAGS= -O2 -c -mcpu=v9.6 -mlittle-endian -mxl-soft-mul" "EXTRA_COMPILER_FLAGS=-g"
"Compiling intc"
"Running Make libs in microblaze_0/libsrc/standalone_v5_5/src"
make -C microblaze_0/libsrc/standalone_v5_5/src -s libs  "SHELL=CMD" "COMPILER=mb-gcc" "ARCHIVER=mb-ar" "COMPILER_FLAGS= -O2 -c -mcpu=v9.6 -mlittle-endian -mxl-soft-mul" "EXTRA_COMPILER_FLAGS=-g"
"Compiling standalone";
"Running Make libs in microblaze_0/libsrc/uartlite_v3_2/src"
make -C microblaze_0/libsrc/uartlite_v3_2/src -s libs  "SHELL=CMD" "COMPILER=mb-gcc" "ARCHIVER=mb-ar" "COMPILER_FLAGS= -O2 -c -mcpu=v9.6 -mlittle-endian -mxl-soft-mul" "EXTRA_COMPILER_FLAGS=-g"
"Compiling uartlite"
'Finished building libraries'
16:40:54 **** Build of configuration Debug for project interrupts ****
make all 
'Building file: ../src/helloworld.c'
'Invoking: MicroBlaze gcc compiler'
mb-gcc -Wall -O0 -g3 -c -fmessage-length=0 -MT"src/helloworld.o" -I../../interrupts_bsp/microblaze_0/include -mlittle-endian -mcpu=v9.6 -mxl-soft-mul -Wl,--no-relax -MMD -MP -MF"src/helloworld.d" -MT"src/helloworld.o" -o "src/helloworld.o" "../src/helloworld.c"
'Finished building: ../src/helloworld.c'
' '
'Building file: ../src/platform.c'
'Invoking: MicroBlaze gcc compiler'
mb-gcc -Wall -O0 -g3 -c -fmessage-length=0 -MT"src/platform.o" -I../../interrupts_bsp/microblaze_0/include -mlittle-endian -mcpu=v9.6 -mxl-soft-mul -Wl,--no-relax -MMD -MP -MF"src/platform.d" -MT"src/platform.o" -o "src/platform.o" "../src/platform.c"
'Finished building: ../src/platform.c'
' '
'Building target: interrupts.elf'
'Invoking: MicroBlaze gcc linker'
mb-gcc -Wl,-T -Wl,../src/lscript.ld -L../../interrupts_bsp/microblaze_0/lib -mlittle-endian -mcpu=v9.6 -mxl-soft-mul -Wl,--no-relax -o "interrupts.elf"  ./src/helloworld.o ./src/platform.o   -Wl,--start-group,-lxil,-lgcc,-lc,--end-group
'Finished building target: interrupts.elf'
' '
'Invoking: MicroBlaze Print Size'
mb-size interrupts.elf  |tee "interrupts.elf.size"
   text	   data	    bss	    dec	    hex	filename
   6892	    328	   3252	  10472	   28e8	interrupts.elf
'Finished building: interrupts.elf.size'
' '
16:41:13 **** Auto Build of configuration Debug for project interrupts ****
make all 
'Building file: ../src/helloworld.c'
'Invoking: MicroBlaze gcc compiler'
mb-gcc -Wall -O0 -g3 -c -fmessage-length=0 -MT"src/helloworld.o" -I../../interrupts_bsp/microblaze_0/include -mlittle-endian -mcpu=v9.6 -mxl-soft-mul -Wl,--no-relax -MMD -MP -MF"src/helloworld.d" -MT"src/helloworld.o" -o "src/helloworld.o" "../src/helloworld.c"
In file included from ../../interrupts_bsp/microblaze_0/include/xil_printf.h:43:0,
                 from ../src/helloworld.c:4:
../../interrupts_bsp/microblaze_0/include/xparameters.h:524:38: warning: initialization makes pointer from integer without a cast [-Wint-conversion]
 #define XPAR_GLUE_0_S00_AXI_BASEADDR 0x44A00000
                                      ^
../src/helloworld.c:9:32: note: in expansion of macro 'XPAR_GLUE_0_S00_AXI_BASEADDR'
 volatile unsigned int * glue = XPAR_GLUE_0_S00_AXI_BASEADDR;
                                ^
'Finished building: ../src/helloworld.c'
' '
'Building target: interrupts.elf'
'Invoking: MicroBlaze gcc linker'
mb-gcc -Wl,-T -Wl,../src/lscript.ld -L../../interrupts_bsp/microblaze_0/lib -mlittle-endian -mcpu=v9.6 -mxl-soft-mul -Wl,--no-relax -o "interrupts.elf"  ./src/helloworld.o ./src/platform.o   -Wl,--start-group,-lxil,-lgcc,-lc,--end-group
'Finished building target: interrupts.elf'
' '
'Invoking: MicroBlaze Print Size'
mb-size interrupts.elf  |tee "interrupts.elf.size"
   text	   data	    bss	    dec	    hex	filename
  18488	   1328	   3176	  22992	   59d0	interrupts.elf
'Finished building: interrupts.elf.size'
' '
16:42:45 **** Auto Build of configuration Debug for project interrupts ****
make all 
'Building file: ../src/helloworld.c'
'Invoking: MicroBlaze gcc compiler'
mb-gcc -Wall -O0 -g3 -c -fmessage-length=0 -MT"src/helloworld.o" -I../../interrupts_bsp/microblaze_0/include -mlittle-endian -mcpu=v9.6 -mxl-soft-mul -Wl,--no-relax -MMD -MP -MF"src/helloworld.d" -MT"src/helloworld.o" -o "src/helloworld.o" "../src/helloworld.c"
In file included from ../../interrupts_bsp/microblaze_0/include/xil_printf.h:43:0,
                 from ../src/helloworld.c:4:
../../interrupts_bsp/microblaze_0/include/xparameters.h:524:38: warning: initialization makes pointer from integer without a cast [-Wint-conversion]
 #define XPAR_GLUE_0_S00_AXI_BASEADDR 0x44A00000
                                      ^
../src/helloworld.c:12:32: note: in expansion of macro 'XPAR_GLUE_0_S00_AXI_BASEADDR'
 volatile unsigned int * glue = XPAR_GLUE_0_S00_AXI_BASEADDR;
                                ^
../src/helloworld.c: In function 'uart_int_handler':
../src/helloworld.c:24:3: error: expected expression before '}' token
   }
   ^
../src/helloworld.c:24:3: error: expected ';' before '}' token
make: *** [src/helloworld.o] Error 1
16:43:21 **** Auto Build of configuration Debug for project interrupts ****
make all 
'Building file: ../src/helloworld.c'
'Invoking: MicroBlaze gcc compiler'
mb-gcc -Wall -O0 -g3 -c -fmessage-length=0 -MT"src/helloworld.o" -I../../interrupts_bsp/microblaze_0/include -mlittle-endian -mcpu=v9.6 -mxl-soft-mul -Wl,--no-relax -MMD -MP -MF"src/helloworld.d" -MT"src/helloworld.o" -o "src/helloworld.o" "../src/helloworld.c"
In file included from ../../interrupts_bsp/microblaze_0/include/xil_printf.h:43:0,
                 from ../src/helloworld.c:4:
../../interrupts_bsp/microblaze_0/include/xparameters.h:524:38: warning: initialization makes pointer from integer without a cast [-Wint-conversion]
 #define XPAR_GLUE_0_S00_AXI_BASEADDR 0x44A00000
                                      ^
../src/helloworld.c:12:32: note: in expansion of macro 'XPAR_GLUE_0_S00_AXI_BASEADDR'
 volatile unsigned int * glue = XPAR_GLUE_0_S00_AXI_BASEADDR;
                                ^
'Finished building: ../src/helloworld.c'
' '
'Building target: interrupts.elf'
'Invoking: MicroBlaze gcc linker'
mb-gcc -Wl,-T -Wl,../src/lscript.ld -L../../interrupts_bsp/microblaze_0/lib -mlittle-endian -mcpu=v9.6 -mxl-soft-mul -Wl,--no-relax -o "interrupts.elf"  ./src/helloworld.o ./src/platform.o   -Wl,--start-group,-lxil,-lgcc,-lc,--end-group
'Finished building target: interrupts.elf'
' '
'Invoking: MicroBlaze Print Size'
mb-size interrupts.elf  |tee "interrupts.elf.size"
   text	   data	    bss	    dec	    hex	filename
  22988	   1376	   3316	  27680	   6c20	interrupts.elf
'Finished building: interrupts.elf.size'
' '
16:43:45 **** Auto Build of configuration Debug for project interrupts ****
make all 
'Building file: ../src/helloworld.c'
'Invoking: MicroBlaze gcc compiler'
mb-gcc -Wall -O0 -g3 -c -fmessage-length=0 -MT"src/helloworld.o" -I../../interrupts_bsp/microblaze_0/include -mlittle-endian -mcpu=v9.6 -mxl-soft-mul -Wl,--no-relax -MMD -MP -MF"src/helloworld.d" -MT"src/helloworld.o" -o "src/helloworld.o" "../src/helloworld.c"
In file included from ../../interrupts_bsp/microblaze_0/include/xil_printf.h:43:0,
                 from ../src/helloworld.c:4:
../../interrupts_bsp/microblaze_0/include/xparameters.h:524:38: warning: initialization makes pointer from integer without a cast [-Wint-conversion]
 #define XPAR_GLUE_0_S00_AXI_BASEADDR 0x44A00000
                                      ^
../src/helloworld.c:12:32: note: in expansion of macro 'XPAR_GLUE_0_S00_AXI_BASEADDR'
 volatile unsigned int * glue = XPAR_GLUE_0_S00_AXI_BASEADDR;
                                ^
../src/helloworld.c: In function 'main':
../src/helloworld.c:63:12: error: 'unpaused' undeclared (first use in this function)
     while (unpaused) {
            ^
../src/helloworld.c:63:12: note: each undeclared identifier is reported only once for each function it appears in
make: *** [src/helloworld.o] Error 1
16:44:00 **** Auto Build of configuration Debug for project interrupts ****
make all 
'Building file: ../src/helloworld.c'
'Invoking: MicroBlaze gcc compiler'
mb-gcc -Wall -O0 -g3 -c -fmessage-length=0 -MT"src/helloworld.o" -I../../interrupts_bsp/microblaze_0/include -mlittle-endian -mcpu=v9.6 -mxl-soft-mul -Wl,--no-relax -MMD -MP -MF"src/helloworld.d" -MT"src/helloworld.o" -o "src/helloworld.o" "../src/helloworld.c"
In file included from ../../interrupts_bsp/microblaze_0/include/xil_printf.h:43:0,
                 from ../src/helloworld.c:4:
../../interrupts_bsp/microblaze_0/include/xparameters.h:524:38: warning: initialization makes pointer from integer without a cast [-Wint-conversion]
 #define XPAR_GLUE_0_S00_AXI_BASEADDR 0x44A00000
                                      ^
../src/helloworld.c:12:32: note: in expansion of macro 'XPAR_GLUE_0_S00_AXI_BASEADDR'
 volatile unsigned int * glue = XPAR_GLUE_0_S00_AXI_BASEADDR;
                                ^
'Finished building: ../src/helloworld.c'
' '
'Building target: interrupts.elf'
'Invoking: MicroBlaze gcc linker'
mb-gcc -Wl,-T -Wl,../src/lscript.ld -L../../interrupts_bsp/microblaze_0/lib -mlittle-endian -mcpu=v9.6 -mxl-soft-mul -Wl,--no-relax -o "interrupts.elf"  ./src/helloworld.o ./src/platform.o   -Wl,--start-group,-lxil,-lgcc,-lc,--end-group
'Finished building target: interrupts.elf'
' '
'Invoking: MicroBlaze Print Size'
mb-size interrupts.elf  |tee "interrupts.elf.size"
   text	   data	    bss	    dec	    hex	filename
  23044	   1376	   3316	  27736	   6c58	interrupts.elf
'Finished building: interrupts.elf.size'
' '
16:44:15 **** Auto Build of configuration Debug for project interrupts ****
make all 
'Building file: ../src/helloworld.c'
'Invoking: MicroBlaze gcc compiler'
mb-gcc -Wall -O0 -g3 -c -fmessage-length=0 -MT"src/helloworld.o" -I../../interrupts_bsp/microblaze_0/include -mlittle-endian -mcpu=v9.6 -mxl-soft-mul -Wl,--no-relax -MMD -MP -MF"src/helloworld.d" -MT"src/helloworld.o" -o "src/helloworld.o" "../src/helloworld.c"
In file included from ../../interrupts_bsp/microblaze_0/include/xil_printf.h:43:0,
                 from ../src/helloworld.c:4:
../../interrupts_bsp/microblaze_0/include/xparameters.h:524:38: warning: initialization makes pointer from integer without a cast [-Wint-conversion]
 #define XPAR_GLUE_0_S00_AXI_BASEADDR 0x44A00000
                                      ^
../src/helloworld.c:12:32: note: in expansion of macro 'XPAR_GLUE_0_S00_AXI_BASEADDR'
 volatile unsigned int * glue = XPAR_GLUE_0_S00_AXI_BASEADDR;
                                ^
../src/helloworld.c: In function 'main':
../src/helloworld.c:51:6: warning: unused variable 'unpaused' [-Wunused-variable]
  int unpaused = 1;
      ^
'Finished building: ../src/helloworld.c'
' '
'Building target: interrupts.elf'
'Invoking: MicroBlaze gcc linker'
mb-gcc -Wl,-T -Wl,../src/lscript.ld -L../../interrupts_bsp/microblaze_0/lib -mlittle-endian -mcpu=v9.6 -mxl-soft-mul -Wl,--no-relax -o "interrupts.elf"  ./src/helloworld.o ./src/platform.o   -Wl,--start-group,-lxil,-lgcc,-lc,--end-group
'Finished building target: interrupts.elf'
' '
'Invoking: MicroBlaze Print Size'
mb-size interrupts.elf  |tee "interrupts.elf.size"
   text	   data	    bss	    dec	    hex	filename
  22996	   1376	   3316	  27688	   6c28	interrupts.elf
'Finished building: interrupts.elf.size'
' '
16:44:41 **** Auto Build of configuration Debug for project interrupts ****
make all 
'Building file: ../src/helloworld.c'
'Invoking: MicroBlaze gcc compiler'
mb-gcc -Wall -O0 -g3 -c -fmessage-length=0 -MT"src/helloworld.o" -I../../interrupts_bsp/microblaze_0/include -mlittle-endian -mcpu=v9.6 -mxl-soft-mul -Wl,--no-relax -MMD -MP -MF"src/helloworld.d" -MT"src/helloworld.o" -o "src/helloworld.o" "../src/helloworld.c"
In file included from ../../interrupts_bsp/microblaze_0/include/xil_printf.h:43:0,
                 from ../src/helloworld.c:4:
../../interrupts_bsp/microblaze_0/include/xparameters.h:524:38: warning: initialization makes pointer from integer without a cast [-Wint-conversion]
 #define XPAR_GLUE_0_S00_AXI_BASEADDR 0x44A00000
                                      ^
../src/helloworld.c:12:32: note: in expansion of macro 'XPAR_GLUE_0_S00_AXI_BASEADDR'
 volatile unsigned int * glue = XPAR_GLUE_0_S00_AXI_BASEADDR;
                                ^
'Finished building: ../src/helloworld.c'
' '
'Building target: interrupts.elf'
'Invoking: MicroBlaze gcc linker'
mb-gcc -Wl,-T -Wl,../src/lscript.ld -L../../interrupts_bsp/microblaze_0/lib -mlittle-endian -mcpu=v9.6 -mxl-soft-mul -Wl,--no-relax -o "interrupts.elf"  ./src/helloworld.o ./src/platform.o   -Wl,--start-group,-lxil,-lgcc,-lc,--end-group
'Finished building target: interrupts.elf'
' '
'Invoking: MicroBlaze Print Size'
mb-size interrupts.elf  |tee "interrupts.elf.size"
   text	   data	    bss	    dec	    hex	filename
  23000	   1376	   3312	  27688	   6c28	interrupts.elf
'Finished building: interrupts.elf.size'
' '
16:44:45 **** Auto Build of configuration Debug for project interrupts ****
make all 
'Building file: ../src/helloworld.c'
'Invoking: MicroBlaze gcc compiler'
mb-gcc -Wall -O0 -g3 -c -fmessage-length=0 -MT"src/helloworld.o" -I../../interrupts_bsp/microblaze_0/include -mlittle-endian -mcpu=v9.6 -mxl-soft-mul -Wl,--no-relax -MMD -MP -MF"src/helloworld.d" -MT"src/helloworld.o" -o "src/helloworld.o" "../src/helloworld.c"
In file included from ../../interrupts_bsp/microblaze_0/include/xil_printf.h:43:0,
                 from ../src/helloworld.c:4:
../../interrupts_bsp/microblaze_0/include/xparameters.h:524:38: warning: initialization makes pointer from integer without a cast [-Wint-conversion]
 #define XPAR_GLUE_0_S00_AXI_BASEADDR 0x44A00000
                                      ^
../src/helloworld.c:12:32: note: in expansion of macro 'XPAR_GLUE_0_S00_AXI_BASEADDR'
 volatile unsigned int * glue = XPAR_GLUE_0_S00_AXI_BASEADDR;
                                ^
'Finished building: ../src/helloworld.c'
' '
'Building target: interrupts.elf'
'Invoking: MicroBlaze gcc linker'
mb-gcc -Wl,-T -Wl,../src/lscript.ld -L../../interrupts_bsp/microblaze_0/lib -mlittle-endian -mcpu=v9.6 -mxl-soft-mul -Wl,--no-relax -o "interrupts.elf"  ./src/helloworld.o ./src/platform.o   -Wl,--start-group,-lxil,-lgcc,-lc,--end-group
'Finished building target: interrupts.elf'
' '
'Invoking: MicroBlaze Print Size'
mb-size interrupts.elf  |tee "interrupts.elf.size"
   text	   data	    bss	    dec	    hex	filename
  23000	   1376	   3312	  27688	   6c28	interrupts.elf
'Finished building: interrupts.elf.size'
' '
16:45:08 **** Auto Build of configuration Debug for project interrupts ****
make all 
'Building file: ../src/helloworld.c'
'Invoking: MicroBlaze gcc compiler'
mb-gcc -Wall -O0 -g3 -c -fmessage-length=0 -MT"src/helloworld.o" -I../../interrupts_bsp/microblaze_0/include -mlittle-endian -mcpu=v9.6 -mxl-soft-mul -Wl,--no-relax -MMD -MP -MF"src/helloworld.d" -MT"src/helloworld.o" -o "src/helloworld.o" "../src/helloworld.c"
In file included from ../../interrupts_bsp/microblaze_0/include/xil_printf.h:43:0,
                 from ../src/helloworld.c:4:
../../interrupts_bsp/microblaze_0/include/xparameters.h:524:38: warning: initialization makes pointer from integer without a cast [-Wint-conversion]
 #define XPAR_GLUE_0_S00_AXI_BASEADDR 0x44A00000
                                      ^
../src/helloworld.c:12:32: note: in expansion of macro 'XPAR_GLUE_0_S00_AXI_BASEADDR'
 volatile unsigned int * glue = XPAR_GLUE_0_S00_AXI_BASEADDR;
                                ^
'Finished building: ../src/helloworld.c'
' '
'Building target: interrupts.elf'
'Invoking: MicroBlaze gcc linker'
mb-gcc -Wl,-T -Wl,../src/lscript.ld -L../../interrupts_bsp/microblaze_0/lib -mlittle-endian -mcpu=v9.6 -mxl-soft-mul -Wl,--no-relax -o "interrupts.elf"  ./src/helloworld.o ./src/platform.o   -Wl,--start-group,-lxil,-lgcc,-lc,--end-group
'Finished building target: interrupts.elf'
' '
'Invoking: MicroBlaze Print Size'
mb-size interrupts.elf  |tee "interrupts.elf.size"
   text	   data	    bss	    dec	    hex	filename
  23016	   1376	   3312	  27704	   6c38	interrupts.elf
'Finished building: interrupts.elf.size'
' '
16:45:17 **** Auto Build of configuration Debug for project interrupts ****
make all 
'Building file: ../src/helloworld.c'
'Invoking: MicroBlaze gcc compiler'
mb-gcc -Wall -O0 -g3 -c -fmessage-length=0 -MT"src/helloworld.o" -I../../interrupts_bsp/microblaze_0/include -mlittle-endian -mcpu=v9.6 -mxl-soft-mul -Wl,--no-relax -MMD -MP -MF"src/helloworld.d" -MT"src/helloworld.o" -o "src/helloworld.o" "../src/helloworld.c"
In file included from ../../interrupts_bsp/microblaze_0/include/xil_printf.h:43:0,
                 from ../src/helloworld.c:4:
../../interrupts_bsp/microblaze_0/include/xparameters.h:524:38: warning: initialization makes pointer from integer without a cast [-Wint-conversion]
 #define XPAR_GLUE_0_S00_AXI_BASEADDR 0x44A00000
                                      ^
../src/helloworld.c:12:32: note: in expansion of macro 'XPAR_GLUE_0_S00_AXI_BASEADDR'
 volatile unsigned int * glue = XPAR_GLUE_0_S00_AXI_BASEADDR;
                                ^
'Finished building: ../src/helloworld.c'
' '
'Building target: interrupts.elf'
'Invoking: MicroBlaze gcc linker'
mb-gcc -Wl,-T -Wl,../src/lscript.ld -L../../interrupts_bsp/microblaze_0/lib -mlittle-endian -mcpu=v9.6 -mxl-soft-mul -Wl,--no-relax -o "interrupts.elf"  ./src/helloworld.o ./src/platform.o   -Wl,--start-group,-lxil,-lgcc,-lc,--end-group
'Finished building target: interrupts.elf'
' '
'Invoking: MicroBlaze Print Size'
mb-size interrupts.elf  |tee "interrupts.elf.size"
   text	   data	    bss	    dec	    hex	filename
  23168	   1376	   3312	  27856	   6cd0	interrupts.elf
[...]
   text	   data	    bss	    dec	    hex	filename
  26892	   1436	   3328	  31656	   7ba8	interrupts.elf
'Finished building: interrupts.elf.size'
' '
14:52:23 **** Incremental Build of configuration Debug for project interrupts ****
make all 
make: Nothing to be done for `all'.
14:54:19 **** Auto Build of configuration Debug for project interrupts ****
make all 
'Building file: ../src/helloworld.c'
'Invoking: MicroBlaze gcc compiler'
mb-gcc -Wall -O0 -g3 -c -fmessage-length=0 -MT"src/helloworld.o" -I../../interrupts_bsp/microblaze_0/include -mlittle-endian -mcpu=v9.6 -mxl-soft-mul -Wl,--no-relax -MMD -MP -MF"src/helloworld.d" -MT"src/helloworld.o" -o "src/helloworld.o" "../src/helloworld.c"
../src/helloworld.c: In function 'main':
../src/helloworld.c:308:133: warning: suggest parentheses around '&&' within '||' [-Wparentheses]
    if ((abs(x_det - x_tar) <= 15 && abs(y_det - y_tar) <= 15) || (abs(x_det_green - x_tar) <= 15 && abs(y_det_green - y_tar) <= 15) && ((x_det != 0 && y_det != 0) || (x_det_green != 0 && y_det_green != 0))) {
                                                                                                                                     ^
'Finished building: ../src/helloworld.c'
' '
'Building target: interrupts.elf'
'Invoking: MicroBlaze gcc linker'
mb-gcc -Wl,-T -Wl,../src/lscript.ld -L../../interrupts_bsp/microblaze_0/lib -mlittle-endian -mcpu=v9.6 -mxl-soft-mul -Wl,--no-relax -o "interrupts.elf"  ./src/helloworld.o ./src/platform.o   -Wl,--start-group,-lxil,-lgcc,-lc,--end-group
'Finished building target: interrupts.elf'
' '
'Invoking: MicroBlaze Print Size'
mb-size interrupts.elf  |tee "interrupts.elf.size"
   text	   data	    bss	    dec	    hex	filename
  26912	   1436	   3324	  31672	   7bb8	interrupts.elf
'Finished building: interrupts.elf.size'
' '
14:54:20 **** Incremental Build of configuration Debug for project interrupts ****
make all 
make: Nothing to be done for `all'.
14:57:21 **** Auto Build of configuration Debug for project interrupts ****
make all 
'Building file: ../src/helloworld.c'
'Invoking: MicroBlaze gcc compiler'
mb-gcc -Wall -O0 -g3 -c -fmessage-length=0 -MT"src/helloworld.o" -I../../interrupts_bsp/microblaze_0/include -mlittle-endian -mcpu=v9.6 -mxl-soft-mul -Wl,--no-relax -MMD -MP -MF"src/helloworld.d" -MT"src/helloworld.o" -o "src/helloworld.o" "../src/helloworld.c"
../src/helloworld.c: In function 'main':
../src/helloworld.c:310:133: warning: suggest parentheses around '&&' within '||' [-Wparentheses]
    if ((abs(x_det - x_tar) <= 15 && abs(y_det - y_tar) <= 15) || (abs(x_det_green - x_tar) <= 15 && abs(y_det_green - y_tar) <= 15) && ((x_det != 0 && y_det != 0) || (x_det_green != 0 && y_det_green != 0))) {
                                                                                                                                     ^
'Finished building: ../src/helloworld.c'
' '
'Building target: interrupts.elf'
'Invoking: MicroBlaze gcc linker'
mb-gcc -Wl,-T -Wl,../src/lscript.ld -L../../interrupts_bsp/microblaze_0/lib -mlittle-endian -mcpu=v9.6 -mxl-soft-mul -Wl,--no-relax -o "interrupts.elf"  ./src/helloworld.o ./src/platform.o   -Wl,--start-group,-lxil,-lgcc,-lc,--end-group
'Finished building target: interrupts.elf'
' '
'Invoking: MicroBlaze Print Size'
mb-size interrupts.elf  |tee "interrupts.elf.size"
   text	   data	    bss	    dec	    hex	filename
  26928	   1436	   3324	  31688	   7bc8	interrupts.elf
'Finished building: interrupts.elf.size'
' '
14:57:22 **** Incremental Build of configuration Debug for project interrupts ****
make all 
make: Nothing to be done for `all'.
14:57:30 **** Incremental Build of configuration Debug for project interrupts ****
make all 
make: Nothing to be done for `all'.
14:58:10 **** Auto Build of configuration Debug for project interrupts ****
make all 
'Building file: ../src/helloworld.c'
'Invoking: MicroBlaze gcc compiler'
mb-gcc -Wall -O0 -g3 -c -fmessage-length=0 -MT"src/helloworld.o" -I../../interrupts_bsp/microblaze_0/include -mlittle-endian -mcpu=v9.6 -mxl-soft-mul -Wl,--no-relax -MMD -MP -MF"src/helloworld.d" -MT"src/helloworld.o" -o "src/helloworld.o" "../src/helloworld.c"
../src/helloworld.c: In function 'main':
../src/helloworld.c:312:133: warning: suggest parentheses around '&&' within '||' [-Wparentheses]
    if ((abs(x_det - x_tar) <= 15 && abs(y_det - y_tar) <= 15) || (abs(x_det_green - x_tar) <= 15 && abs(y_det_green - y_tar) <= 15) && ((x_det != 0 && y_det != 0) || (x_det_green != 0 && y_det_green != 0))) {
                                                                                                                                     ^
'Finished building: ../src/helloworld.c'
' '
'Building target: interrupts.elf'
'Invoking: MicroBlaze gcc linker'
mb-gcc -Wl,-T -Wl,../src/lscript.ld -L../../interrupts_bsp/microblaze_0/lib -mlittle-endian -mcpu=v9.6 -mxl-soft-mul -Wl,--no-relax -o "interrupts.elf"  ./src/helloworld.o ./src/platform.o   -Wl,--start-group,-lxil,-lgcc,-lc,--end-group
'Finished building target: interrupts.elf'
' '
'Invoking: MicroBlaze Print Size'
mb-size interrupts.elf  |tee "interrupts.elf.size"
   text	   data	    bss	    dec	    hex	filename
  26952	   1436	   3324	  31712	   7be0	interrupts.elf
'Finished building: interrupts.elf.size'
' '
14:58:12 **** Incremental Build of configuration Debug for project interrupts ****
make all 
make: Nothing to be done for `all'.
15:00:21 **** Auto Build of configuration Debug for project interrupts ****
make all 
'Building file: ../src/helloworld.c'
'Invoking: MicroBlaze gcc compiler'
mb-gcc -Wall -O0 -g3 -c -fmessage-length=0 -MT"src/helloworld.o" -I../../interrupts_bsp/microblaze_0/include -mlittle-endian -mcpu=v9.6 -mxl-soft-mul -Wl,--no-relax -MMD -MP -MF"src/helloworld.d" -MT"src/helloworld.o" -o "src/helloworld.o" "../src/helloworld.c"
../src/helloworld.c: In function 'main':
../src/helloworld.c:313:133: warning: suggest parentheses around '&&' within '||' [-Wparentheses]
    if ((abs(x_det - x_tar) <= 15 && abs(y_det - y_tar) <= 15) || (abs(x_det_green - x_tar) <= 15 && abs(y_det_green - y_tar) <= 15) && ((x_det != 0 && y_det != 0) || (x_det_green != 0 && y_det_green != 0))) {
                                                                                                                                     ^
'Finished building: ../src/helloworld.c'
' '
'Building target: interrupts.elf'
'Invoking: MicroBlaze gcc linker'
mb-gcc -Wl,-T -Wl,../src/lscript.ld -L../../interrupts_bsp/microblaze_0/lib -mlittle-endian -mcpu=v9.6 -mxl-soft-mul -Wl,--no-relax -o "interrupts.elf"  ./src/helloworld.o ./src/platform.o   -Wl,--start-group,-lxil,-lgcc,-lc,--end-group
'Finished building target: interrupts.elf'
' '
'Invoking: MicroBlaze Print Size'
mb-size interrupts.elf  |tee "interrupts.elf.size"
   text	   data	    bss	    dec	    hex	filename
  27080	   1436	   3324	  31840	   7c60	interrupts.elf
'Finished building: interrupts.elf.size'
' '
15:01:27 **** Auto Build of configuration Debug for project interrupts ****
make all 
'Building file: ../src/helloworld.c'
'Invoking: MicroBlaze gcc compiler'
mb-gcc -Wall -O0 -g3 -c -fmessage-length=0 -MT"src/helloworld.o" -I../../interrupts_bsp/microblaze_0/include -mlittle-endian -mcpu=v9.6 -mxl-soft-mul -Wl,--no-relax -MMD -MP -MF"src/helloworld.d" -MT"src/helloworld.o" -o "src/helloworld.o" "../src/helloworld.c"
../src/helloworld.c: In function 'main':
../src/helloworld.c:313:133: warning: suggest parentheses around '&&' within '||' [-Wparentheses]
    if ((abs(x_det - x_tar) <= 15 && abs(y_det - y_tar) <= 15) || (abs(x_det_green - x_tar) <= 15 && abs(y_det_green - y_tar) <= 15) && ((x_det != 0 && y_det != 0) || (x_det_green != 0 && y_det_green != 0))) {
                                                                                                                                     ^
'Finished building: ../src/helloworld.c'
' '
'Building target: interrupts.elf'
'Invoking: MicroBlaze gcc linker'
mb-gcc -Wl,-T -Wl,../src/lscript.ld -L../../interrupts_bsp/microblaze_0/lib -mlittle-endian -mcpu=v9.6 -mxl-soft-mul -Wl,--no-relax -o "interrupts.elf"  ./src/helloworld.o ./src/platform.o   -Wl,--start-group,-lxil,-lgcc,-lc,--end-group
'Finished building target: interrupts.elf'
' '
'Invoking: MicroBlaze Print Size'
mb-size interrupts.elf  |tee "interrupts.elf.size"
   text	   data	    bss	    dec	    hex	filename
  27096	   1436	   3324	  31856	   7c70	interrupts.elf
'Finished building: interrupts.elf.size'
' '
15:01:29 **** Incremental Build of configuration Debug for project interrupts ****
make all 
make: Nothing to be done for `all'.
15:35:22 **** Auto Build of configuration Debug for project interrupts ****
make all 
'Building file: ../src/helloworld.c'
'Invoking: MicroBlaze gcc compiler'
mb-gcc -Wall -O0 -g3 -c -fmessage-length=0 -MT"src/helloworld.o" -I../../interrupts_bsp/microblaze_0/include -mlittle-endian -mcpu=v9.6 -mxl-soft-mul -Wl,--no-relax -MMD -MP -MF"src/helloworld.d" -MT"src/helloworld.o" -o "src/helloworld.o" "../src/helloworld.c"
../src/helloworld.c: In function 'main':
../src/helloworld.c:313:133: warning: suggest parentheses around '&&' within '||' [-Wparentheses]
    if ((abs(x_det - x_tar) <= 15 && abs(y_det - y_tar) <= 15) || (abs(x_det_green - x_tar) <= 15 && abs(y_det_green - y_tar) <= 15) && ((x_det != 0 && y_det != 0) || (x_det_green != 0 && y_det_green != 0))) {
                                                                                                                                     ^
'Finished building: ../src/helloworld.c'
' '
'Building target: interrupts.elf'
'Invoking: MicroBlaze gcc linker'
mb-gcc -Wl,-T -Wl,../src/lscript.ld -L../../interrupts_bsp/microblaze_0/lib -mlittle-endian -mcpu=v9.6 -mxl-soft-mul -Wl,--no-relax -o "interrupts.elf"  ./src/helloworld.o ./src/platform.o   -Wl,--start-group,-lxil,-lgcc,-lc,--end-group
'Finished building target: interrupts.elf'
' '
'Invoking: MicroBlaze Print Size'
mb-size interrupts.elf  |tee "interrupts.elf.size"
   text	   data	    bss	    dec	    hex	filename
  27096	   1436	   3324	  31856	   7c70	interrupts.elf
'Finished building: interrupts.elf.size'
' '
16:30:02 **** Incremental Build of configuration Debug for project interrupts ****
make all 
make: Nothing to be done for `all'.
16:31:03 **** Incremental Build of configuration Debug for project interrupts ****
make all 
make: Nothing to be done for `all'.
16:32:18 **** Incremental Build of configuration Debug for project interrupts ****
make all 
make: Nothing to be done for `all'.
16:32:30 **** Incremental Build of configuration Debug for project interrupts ****
make all 
make: Nothing to be done for `all'.
16:32:41 **** Incremental Build of configuration Debug for project interrupts ****
make all 
make: Nothing to be done for `all'.
16:33:10 **** Incremental Build of configuration Debug for project interrupts ****
make all 
make: Nothing to be done for `all'.
16:33:52 **** Incremental Build of configuration Debug for project interrupts ****
make all 
make: Nothing to be done for `all'.
16:34:40 **** Incremental Build of configuration Debug for project interrupts ****
make all 
make: Nothing to be done for `all'.
16:35:31 **** Incremental Build of configuration Debug for project interrupts ****
make all 
make: Nothing to be done for `all'.
17:09:16 **** Incremental Build of configuration Debug for project interrupts ****
make all 
make: Nothing to be done for `all'.
17:15:35 **** Auto Build of configuration Debug for project interrupts ****
make all 
'Building file: ../src/helloworld.c'
'Invoking: MicroBlaze gcc compiler'
mb-gcc -Wall -O0 -g3 -c -fmessage-length=0 -MT"src/helloworld.o" -I../../interrupts_bsp/microblaze_0/include -mlittle-endian -mcpu=v9.6 -mxl-soft-mul -Wl,--no-relax -MMD -MP -MF"src/helloworld.d" -MT"src/helloworld.o" -o "src/helloworld.o" "../src/helloworld.c"
../src/helloworld.c: In function 'main':
../src/helloworld.c:313:133: warning: suggest parentheses around '&&' within '||' [-Wparentheses]
    if ((abs(x_det - x_tar) <= 15 && abs(y_det - y_tar) <= 15) || (abs(x_det_green - x_tar) <= 15 && abs(y_det_green - y_tar) <= 15) && ((x_det != 0 && y_det != 0) || (x_det_green != 0 && y_det_green != 0))) {
                                                                                                                                     ^
../src/helloworld.c:386:23: error: 'c' undeclared (first use in this function)
     periodcounter = 0;c
                       ^
../src/helloworld.c:386:23: note: each undeclared identifier is reported only once for each function it appears in
../src/helloworld.c:387:4: error: expected ';' before '}' token
    }
    ^
make: *** [src/helloworld.o] Error 1
17:21:14 **** Incremental Build of configuration Debug for project interrupts ****
make all 
'Building file: ../src/helloworld.c'
'Invoking: MicroBlaze gcc compiler'
mb-gcc -Wall -O0 -g3 -c -fmessage-length=0 -MT"src/helloworld.o" -I../../interrupts_bsp/microblaze_0/include -mlittle-endian -mcpu=v9.6 -mxl-soft-mul -Wl,--no-relax -MMD -MP -MF"src/helloworld.d" -MT"src/helloworld.o" -o "src/helloworld.o" "../src/helloworld.c"
../src/helloworld.c: In function 'main':
../src/helloworld.c:313:133: warning: suggest parentheses around '&&' within '||' [-Wparentheses]
    if ((abs(x_det - x_tar) <= 15 && abs(y_det - y_tar) <= 15) || (abs(x_det_green - x_tar) <= 15 && abs(y_det_green - y_tar) <= 15) && ((x_det != 0 && y_det != 0) || (x_det_green != 0 && y_det_green != 0))) {
                                                                                                                                     ^
../src/helloworld.c:386:23: error: 'c' undeclared (first use in this function)
     periodcounter = 0;c
                       ^
../src/helloworld.c:386:23: note: each undeclared identifier is reported only once for each function it appears in
../src/helloworld.c:387:4: error: expected ';' before '}' token
    }
    ^
make: *** [src/helloworld.o] Error 1
14:38:11 **** Incremental Build of configuration Debug for project interrupts ****
make all 
'Building file: ../src/helloworld.c'
'Invoking: MicroBlaze gcc compiler'
mb-gcc -Wall -O0 -g3 -c -fmessage-length=0 -MT"src/helloworld.o" -I../../interrupts_bsp/microblaze_0/include -mlittle-endian -mcpu=v9.6 -mxl-soft-mul -Wl,--no-relax -MMD -MP -MF"src/helloworld.d" -MT"src/helloworld.o" -o "src/helloworld.o" "../src/helloworld.c"
../src/helloworld.c: In function 'main':
../src/helloworld.c:313:133: warning: suggest parentheses around '&&' within '||' [-Wparentheses]
    if ((abs(x_det - x_tar) <= 15 && abs(y_det - y_tar) <= 15) || (abs(x_det_green - x_tar) <= 15 && abs(y_det_green - y_tar) <= 15) && ((x_det != 0 && y_det != 0) || (x_det_green != 0 && y_det_green != 0))) {
                                                                                                                                     ^
../src/helloworld.c:386:23: error: 'c' undeclared (first use in this function)
     periodcounter = 0;c
                       ^
../src/helloworld.c:386:23: note: each undeclared identifier is reported only once for each function it appears in
../src/helloworld.c:387:4: error: expected ';' before '}' token
    }
    ^
make: *** [src/helloworld.o] Error 1
14:39:01 **** Incremental Build of configuration Debug for project interrupts ****
make all 
'Building file: ../src/helloworld.c'
'Invoking: MicroBlaze gcc compiler'
mb-gcc -Wall -O0 -g3 -c -fmessage-length=0 -MT"src/helloworld.o" -I../../interrupts_bsp/microblaze_0/include -mlittle-endian -mcpu=v9.6 -mxl-soft-mul -Wl,--no-relax -MMD -MP -MF"src/helloworld.d" -MT"src/helloworld.o" -o "src/helloworld.o" "../src/helloworld.c"
../src/helloworld.c: In function 'main':
../src/helloworld.c:313:133: warning: suggest parentheses around '&&' within '||' [-Wparentheses]
    if ((abs(x_det - x_tar) <= 15 && abs(y_det - y_tar) <= 15) || (abs(x_det_green - x_tar) <= 15 && abs(y_det_green - y_tar) <= 15) && ((x_det != 0 && y_det != 0) || (x_det_green != 0 && y_det_green != 0))) {
                                                                                                                                     ^
../src/helloworld.c:386:23: error: 'c' undeclared (first use in this function)
     periodcounter = 0;c
                       ^
../src/helloworld.c:386:23: note: each undeclared identifier is reported only once for each function it appears in
../src/helloworld.c:387:4: error: expected ';' before '}' token
    }
    ^
make: *** [src/helloworld.o] Error 1
14:39:28 **** Auto Build of configuration Debug for project interrupts ****
make all 
'Building file: ../src/helloworld.c'
'Invoking: MicroBlaze gcc compiler'
mb-gcc -Wall -O0 -g3 -c -fmessage-length=0 -MT"src/helloworld.o" -I../../interrupts_bsp/microblaze_0/include -mlittle-endian -mcpu=v9.6 -mxl-soft-mul -Wl,--no-relax -MMD -MP -MF"src/helloworld.d" -MT"src/helloworld.o" -o "src/helloworld.o" "../src/helloworld.c"
../src/helloworld.c: In function 'main':
../src/helloworld.c:313:133: warning: suggest parentheses around '&&' within '||' [-Wparentheses]
    if ((abs(x_det - x_tar) <= 15 && abs(y_det - y_tar) <= 15) || (abs(x_det_green - x_tar) <= 15 && abs(y_det_green - y_tar) <= 15) && ((x_det != 0 && y_det != 0) || (x_det_green != 0 && y_det_green != 0))) {
                                                                                                                                     ^
'Finished building: ../src/helloworld.c'
' '
'Building target: interrupts.elf'
'Invoking: MicroBlaze gcc linker'
mb-gcc -Wl,-T -Wl,../src/lscript.ld -L../../interrupts_bsp/microblaze_0/lib -mlittle-endian -mcpu=v9.6 -mxl-soft-mul -Wl,--no-relax -o "interrupts.elf"  ./src/helloworld.o ./src/platform.o   -Wl,--start-group,-lxil,-lgcc,-lc,--end-group
'Finished building target: interrupts.elf'
' '
'Invoking: MicroBlaze Print Size'
mb-size interrupts.elf  |tee "interrupts.elf.size"
   text	   data	    bss	    dec	    hex	filename
  27096	   1436	   3324	  31856	   7c70	interrupts.elf
'Finished building: interrupts.elf.size'
' '
14:39:35 **** Incremental Build of configuration Debug for project interrupts ****
make all 
make: Nothing to be done for `all'.
14:39:53 **** Incremental Build of configuration Debug for project interrupts ****
make all 
make: Nothing to be done for `all'.
14:44:01 **** Auto Build of configuration Debug for project interrupts ****
make all 
'Building file: ../src/helloworld.c'
'Invoking: MicroBlaze gcc compiler'
mb-gcc -Wall -O0 -g3 -c -fmessage-length=0 -MT"src/helloworld.o" -I../../interrupts_bsp/microblaze_0/include -mlittle-endian -mcpu=v9.6 -mxl-soft-mul -Wl,--no-relax -MMD -MP -MF"src/helloworld.d" -MT"src/helloworld.o" -o "src/helloworld.o" "../src/helloworld.c"
../src/helloworld.c: In function 'main':
../src/helloworld.c:313:133: warning: suggest parentheses around '&&' within '||' [-Wparentheses]
    if ((abs(x_det - x_tar) <= 15 && abs(y_det - y_tar) <= 15) || (abs(x_det_green - x_tar) <= 15 && abs(y_det_green - y_tar) <= 15) && ((x_det != 0 && y_det != 0) || (x_det_green != 0 && y_det_green != 0))) {
                                                                                                                                     ^
'Finished building: ../src/helloworld.c'
' '
'Building target: interrupts.elf'
'Invoking: MicroBlaze gcc linker'
mb-gcc -Wl,-T -Wl,../src/lscript.ld -L../../interrupts_bsp/microblaze_0/lib -mlittle-endian -mcpu=v9.6 -mxl-soft-mul -Wl,--no-relax -o "interrupts.elf"  ./src/helloworld.o ./src/platform.o   -Wl,--start-group,-lxil,-lgcc,-lc,--end-group
'Finished building target: interrupts.elf'
' '
'Invoking: MicroBlaze Print Size'
mb-size interrupts.elf  |tee "interrupts.elf.size"
   text	   data	    bss	    dec	    hex	filename
  27096	   1436	   3324	  31856	   7c70	interrupts.elf
'Finished building: interrupts.elf.size'
' '
14:44:02 **** Incremental Build of configuration Debug for project interrupts ****
make all 
make: Nothing to be done for `all'.
