16:19:43 **** Auto Build of configuration Debug for project test ****
make all 
'Building file: ../src/helloworld.c'
'Invoking: MicroBlaze gcc compiler'
mb-gcc -Wall -O0 -g3 -c -fmessage-length=0 -MT"src/helloworld.o" -I../../test_bsp/microblaze_0/include -mlittle-endian -mcpu=v9.6 -mxl-soft-mul -Wl,--no-relax -MMD -MP -MF"src/helloworld.d" -MT"src/helloworld.o" -o "src/helloworld.o" "../src/helloworld.c"
In file included from ../../test_bsp/microblaze_0/include/xil_printf.h:43:0,
                 from ../src/helloworld.c:51:
../../test_bsp/microblaze_0/include/xparameters.h:524:38: warning: initialization makes pointer from integer without a cast [-Wint-conversion]
 #define XPAR_GLUE_0_S00_AXI_BASEADDR 0x44A00000
                                      ^
../src/helloworld.c:56:32: note: in expansion of macro 'XPAR_GLUE_0_S00_AXI_BASEADDR'
 volatile unsigned int * glue = XPAR_GLUE_0_S00_AXI_BASEADDR;
                                ^
'Finished building: ../src/helloworld.c'
' '
'Building file: ../src/platform.c'
'Invoking: MicroBlaze gcc compiler'
mb-gcc -Wall -O0 -g3 -c -fmessage-length=0 -MT"src/platform.o" -I../../test_bsp/microblaze_0/include -mlittle-endian -mcpu=v9.6 -mxl-soft-mul -Wl,--no-relax -MMD -MP -MF"src/platform.d" -MT"src/platform.o" -o "src/platform.o" "../src/platform.c"
'Finished building: ../src/platform.c'
' '
'Building target: test.elf'
'Invoking: MicroBlaze gcc linker'
mb-gcc -Wl,-T -Wl,../src/lscript.ld -L../../test_bsp/microblaze_0/lib -mlittle-endian -mcpu=v9.6 -mxl-soft-mul -Wl,--no-relax -o "test.elf"  ./src/helloworld.o ./src/platform.o   -Wl,--start-group,-lxil,-lgcc,-lc,--end-group
'Finished building target: test.elf'
' '
'Invoking: MicroBlaze Print Size'
mb-size test.elf  |tee "test.elf.size"
   text	   data	    bss	    dec	    hex	filename
  18488	   1328	   3176	  22992	   59d0	test.elf
'Finished building: test.elf.size'
' '

16:19:44 Build Finished (took 1s.580ms)

